
======================================================================
  BATCH RUN: 40 trace(s) from traces/starlink-2024
======================================================================


──────────────────────────────────────────────────────────────────────
  [1/40] starlink_road_000_tc.csv
──────────────────────────────────────────────────────────────────────

======================================================================
  MOQ2 Streaming QoE Benchmark (moq-dev/moq official stack)
======================================================================
  Relay:   http://127.0.0.1:4446
  Player:  http://127.0.0.1:8095/player.html
  Trace:   traces/starlink-2024/starlink_road_000_tc.csv
======================================================================

   Publisher quality: 4500 kbps
[BROWSER] Launching headless Chromium (MOQ2)...
127.0.0.1 - - [26/May/2026 19:18:45] "GET /player.html HTTP/1.1" 200 -
127.0.0.1 - - [26/May/2026 19:18:45] "GET /moq-bundle.js HTTP/1.1" 200 -
   Startup delay: 205ms

[PLAYBACK] Collecting metrics...
   t=10s | buffer: 261.7s | quality: 4500 kbps | trace_bw: 205685 kbps
   t=20s | buffer: 267.5s | quality: 4500 kbps | trace_bw: 30583 kbps
   t=31s | buffer: 269.4s | quality: 4500 kbps | trace_bw: 76507 kbps
   t=41s | buffer: 271.2s | quality: 4500 kbps | trace_bw: 79883 kbps
   t=51s | buffer: 269.1s | quality: 4500 kbps | trace_bw: 221498 kbps
   t=61s | buffer: 271.4s | quality: 4500 kbps | trace_bw: 131458 kbps
   t=71s | buffer: 269.2s | quality: 4500 kbps | trace_bw: 145147 kbps
   t=81s | buffer: 279.5s | quality: 4500 kbps | trace_bw: 122084 kbps
   t=91s | buffer: 277.3s | quality: 4500 kbps | trace_bw: 59596 kbps
   t=102s | buffer: 287.6s | quality: 4500 kbps | trace_bw: 80613 kbps
   t=112s | buffer: 289.4s | quality: 4500 kbps | trace_bw: 187993 kbps

======================================================================
  BENCHMARK RESULTS (MOQ2 / moq-dev official stack)
======================================================================

  [TIMING]
      Startup delay:     205 ms
      Playback time:     120.6 s

  [BITRATE]
      Average (selected):  4,500 kbps
      Average (effective): 4,499 kbps

  [REBUFFERING]
      Events:            1
      Total time:        29 ms
      Ratio:             0.0239%

  [THROUGHPUT]
      Average:           145,145 kbps

  [AVAILABLE BW (trace)]
      Average:           145,145 kbps

======================================================================

[SAVED] results/results/run_all_20260525_151403/moq2_starlink-2024/benchmark_moq2_starlink_road_000_tc_20260526_191840.json

──────────────────────────────────────────────────────────────────────
  [2/40] starlink_road_001_tc.csv
──────────────────────────────────────────────────────────────────────

======================================================================
  MOQ2 Streaming QoE Benchmark (moq-dev/moq official stack)
======================================================================
  Relay:   http://127.0.0.1:4446
  Player:  http://127.0.0.1:8095/player.html
  Trace:   traces/starlink-2024/starlink_road_001_tc.csv
======================================================================

   Publisher quality: 4500 kbps
[BROWSER] Launching headless Chromium (MOQ2)...
127.0.0.1 - - [26/May/2026 19:20:52] "GET /player.html HTTP/1.1" 200 -
127.0.0.1 - - [26/May/2026 19:20:52] "GET /moq-bundle.js HTTP/1.1" 200 -
   Startup delay: 240ms

[PLAYBACK] Collecting metrics...
   t=10s | buffer: 282.1s | quality: 4500 kbps | trace_bw: 226300 kbps
   t=20s | buffer: 283.9s | quality: 4500 kbps | trace_bw: 307646 kbps
   t=31s | buffer: 286.2s | quality: 4500 kbps | trace_bw: 224577 kbps
   t=41s | buffer: 292.0s | quality: 4500 kbps | trace_bw: 159758 kbps
   t=51s | buffer: 294.3s | quality: 4500 kbps | trace_bw: 250530 kbps
   t=61s | buffer: 296.6s | quality: 4500 kbps | trace_bw: 200805 kbps
   t=71s | buffer: 294.4s | quality: 4500 kbps | trace_bw: 268279 kbps
   t=82s | buffer: 296.2s | quality: 4500 kbps | trace_bw: 297054 kbps
   t=92s | buffer: 298.5s | quality: 4500 kbps | trace_bw: 338367 kbps
   t=102s | buffer: 304.3s | quality: 4500 kbps | trace_bw: 213135 kbps
   t=112s | buffer: 314.5s | quality: 4500 kbps | trace_bw: 283129 kbps

======================================================================
  BENCHMARK RESULTS (MOQ2 / moq-dev official stack)
======================================================================

  [TIMING]
      Startup delay:     240 ms
      Playback time:     120.4 s

  [BITRATE]
      Average (selected):  4,500 kbps
      Average (effective): 4,499 kbps

  [REBUFFERING]
      Events:            1
      Total time:        30 ms
      Ratio:             0.0253%

  [THROUGHPUT]
      Average:           258,430 kbps

  [AVAILABLE BW (trace)]
      Average:           258,430 kbps

======================================================================

[SAVED] results/results/run_all_20260525_151403/moq2_starlink-2024/benchmark_moq2_starlink_road_001_tc_20260526_192047.json

──────────────────────────────────────────────────────────────────────
  [3/40] starlink_road_002_tc.csv
──────────────────────────────────────────────────────────────────────

======================================================================
  MOQ2 Streaming QoE Benchmark (moq-dev/moq official stack)
======================================================================
  Relay:   http://127.0.0.1:4446
  Player:  http://127.0.0.1:8095/player.html
  Trace:   traces/starlink-2024/starlink_road_002_tc.csv
======================================================================

   Publisher quality: 4500 kbps
[BROWSER] Launching headless Chromium (MOQ2)...
127.0.0.1 - - [26/May/2026 19:22:58] "GET /player.html HTTP/1.1" 200 -
127.0.0.1 - - [26/May/2026 19:22:58] "GET /moq-bundle.js HTTP/1.1" 200 -
   Startup delay: 191ms

[PLAYBACK] Collecting metrics...
   t=10s | buffer: 277.7s | quality: 4500 kbps | trace_bw: 198341 kbps
   t=20s | buffer: 279.5s | quality: 4500 kbps | trace_bw: 174362 kbps
   t=31s | buffer: 281.8s | quality: 4500 kbps | trace_bw: 265601 kbps
   t=41s | buffer: 288.0s | quality: 4500 kbps | trace_bw: 306339 kbps
   t=51s | buffer: 286.3s | quality: 4500 kbps | trace_bw: 269270 kbps
   t=61s | buffer: 296.1s | quality: 4500 kbps | trace_bw: 245835 kbps
   t=71s | buffer: 294.0s | quality: 4500 kbps | trace_bw: 277189 kbps
   t=81s | buffer: 300.3s | quality: 4500 kbps | trace_bw: 424419 kbps
   t=92s | buffer: 298.6s | quality: 4500 kbps | trace_bw: 214341 kbps
   t=102s | buffer: 308.9s | quality: 4500 kbps | trace_bw: 196233 kbps
   t=112s | buffer: 314.7s | quality: 4500 kbps | trace_bw: 205083 kbps

======================================================================
  BENCHMARK RESULTS (MOQ2 / moq-dev official stack)
======================================================================

  [TIMING]
      Startup delay:     191 ms
      Playback time:     120.1 s

  [BITRATE]
      Average (selected):  4,500 kbps
      Average (effective): 4,499 kbps

  [REBUFFERING]
      Events:            1
      Total time:        27 ms
      Ratio:             0.0228%

  [THROUGHPUT]
      Average:           240,815 kbps

  [AVAILABLE BW (trace)]
      Average:           240,815 kbps

======================================================================

[SAVED] results/results/run_all_20260525_151403/moq2_starlink-2024/benchmark_moq2_starlink_road_002_tc_20260526_192253.json

──────────────────────────────────────────────────────────────────────
  [4/40] starlink_road_003_tc.csv
──────────────────────────────────────────────────────────────────────

======================================================================
  MOQ2 Streaming QoE Benchmark (moq-dev/moq official stack)
======================================================================
  Relay:   http://127.0.0.1:4446
  Player:  http://127.0.0.1:8095/player.html
  Trace:   traces/starlink-2024/starlink_road_003_tc.csv
======================================================================

   Publisher quality: 4500 kbps
[BROWSER] Launching headless Chromium (MOQ2)...
127.0.0.1 - - [26/May/2026 19:25:04] "GET /player.html HTTP/1.1" 200 -
127.0.0.1 - - [26/May/2026 19:25:04] "GET /moq-bundle.js HTTP/1.1" 200 -
   Startup delay: 217ms

[PLAYBACK] Collecting metrics...
   t=10s | buffer: 266.2s | quality: 4500 kbps | trace_bw: 336052 kbps
   t=20s | buffer: 268.4s | quality: 4500 kbps | trace_bw: 274722 kbps
   t=31s | buffer: 267.1s | quality: 4500 kbps | trace_bw: 350577 kbps
   t=41s | buffer: 269.4s | quality: 4500 kbps | trace_bw: 395258 kbps
   t=51s | buffer: 275.6s | quality: 4500 kbps | trace_bw: 409704 kbps
   t=61s | buffer: 285.9s | quality: 4500 kbps | trace_bw: 358097 kbps
   t=71s | buffer: 292.1s | quality: 4500 kbps | trace_bw: 385956 kbps
   t=82s | buffer: 294.4s | quality: 4500 kbps | trace_bw: 357030 kbps
   t=92s | buffer: 292.6s | quality: 4500 kbps | trace_bw: 384959 kbps
   t=102s | buffer: 298.4s | quality: 4500 kbps | trace_bw: 425921 kbps
   t=112s | buffer: 308.2s | quality: 4500 kbps | trace_bw: 409780 kbps

======================================================================
  BENCHMARK RESULTS (MOQ2 / moq-dev official stack)
======================================================================

  [TIMING]
      Startup delay:     217 ms
      Playback time:     120.5 s

  [BITRATE]
      Average (selected):  4,500 kbps
      Average (effective): 4,499 kbps

  [REBUFFERING]
      Events:            1
      Total time:        33 ms
      Ratio:             0.0271%

  [THROUGHPUT]
      Average:           360,846 kbps

  [AVAILABLE BW (trace)]
      Average:           360,846 kbps

======================================================================

[SAVED] results/results/run_all_20260525_151403/moq2_starlink-2024/benchmark_moq2_starlink_road_003_tc_20260526_192459.json

──────────────────────────────────────────────────────────────────────
  [5/40] starlink_road_004_tc.csv
──────────────────────────────────────────────────────────────────────

======================================================================
  MOQ2 Streaming QoE Benchmark (moq-dev/moq official stack)
======================================================================
  Relay:   http://127.0.0.1:4446
  Player:  http://127.0.0.1:8095/player.html
  Trace:   traces/starlink-2024/starlink_road_004_tc.csv
======================================================================

   Publisher quality: 4500 kbps
[BROWSER] Launching headless Chromium (MOQ2)...
127.0.0.1 - - [26/May/2026 19:27:11] "GET /player.html HTTP/1.1" 200 -
127.0.0.1 - - [26/May/2026 19:27:11] "GET /moq-bundle.js HTTP/1.1" 200 -
   Startup delay: 210ms

[PLAYBACK] Collecting metrics...
   t=10s | buffer: 269.7s | quality: 4500 kbps | trace_bw: 239545 kbps
   t=20s | buffer: 275.5s | quality: 4500 kbps | trace_bw: 265265 kbps
   t=31s | buffer: 277.8s | quality: 4500 kbps | trace_bw: 222654 kbps
   t=41s | buffer: 280.1s | quality: 4500 kbps | trace_bw: 323422 kbps
   t=51s | buffer: 282.3s | quality: 4500 kbps | trace_bw: 286032 kbps
   t=61s | buffer: 288.6s | quality: 4500 kbps | trace_bw: 381120 kbps
   t=71s | buffer: 290.9s | quality: 4500 kbps | trace_bw: 364895 kbps
   t=82s | buffer: 293.1s | quality: 4500 kbps | trace_bw: 339147 kbps
   t=92s | buffer: 294.9s | quality: 4500 kbps | trace_bw: 51583 kbps
   t=102s | buffer: 296.7s | quality: 4500 kbps | trace_bw: 285805 kbps
   t=112s | buffer: 302.6s | quality: 4500 kbps | trace_bw: 238723 kbps

======================================================================
  BENCHMARK RESULTS (MOQ2 / moq-dev official stack)
======================================================================

  [TIMING]
      Startup delay:     210 ms
      Playback time:     120.3 s

  [BITRATE]
      Average (selected):  4,500 kbps
      Average (effective): 4,498 kbps

  [REBUFFERING]
      Events:            1
      Total time:        48 ms
      Ratio:             0.0400%

  [THROUGHPUT]
      Average:           288,045 kbps

  [AVAILABLE BW (trace)]
      Average:           288,045 kbps

======================================================================

[SAVED] results/results/run_all_20260525_151403/moq2_starlink-2024/benchmark_moq2_starlink_road_004_tc_20260526_192705.json

──────────────────────────────────────────────────────────────────────
  [6/40] starlink_road_005_tc.csv
──────────────────────────────────────────────────────────────────────

======================================================================
  MOQ2 Streaming QoE Benchmark (moq-dev/moq official stack)
======================================================================
  Relay:   http://127.0.0.1:4446
  Player:  http://127.0.0.1:8095/player.html
  Trace:   traces/starlink-2024/starlink_road_005_tc.csv
======================================================================

   Publisher quality: 4500 kbps
[BROWSER] Launching headless Chromium (MOQ2)...
127.0.0.1 - - [26/May/2026 19:29:17] "GET /player.html HTTP/1.1" 200 -
127.0.0.1 - - [26/May/2026 19:29:17] "GET /moq-bundle.js HTTP/1.1" 200 -
   Startup delay: 248ms

[PLAYBACK] Collecting metrics...
   t=10s | buffer: 269.7s | quality: 4500 kbps | trace_bw: 360784 kbps
   t=20s | buffer: 276.0s | quality: 4500 kbps | trace_bw: 427022 kbps
   t=31s | buffer: 274.3s | quality: 4500 kbps | trace_bw: 333249 kbps
   t=41s | buffer: 280.6s | quality: 4500 kbps | trace_bw: 425147 kbps
   t=51s | buffer: 278.3s | quality: 4500 kbps | trace_bw: 294488 kbps
   t=61s | buffer: 284.6s | quality: 4500 kbps | trace_bw: 421043 kbps
   t=71s | buffer: 286.4s | quality: 4500 kbps | trace_bw: 343570 kbps
   t=82s | buffer: 292.1s | quality: 4500 kbps | trace_bw: 337764 kbps
   t=92s | buffer: 290.4s | quality: 4500 kbps | trace_bw: 426245 kbps
   t=102s | buffer: 296.7s | quality: 4500 kbps | trace_bw: 418420 kbps
   t=112s | buffer: 298.5s | quality: 4500 kbps | trace_bw: 215426 kbps

======================================================================
  BENCHMARK RESULTS (MOQ2 / moq-dev official stack)
======================================================================

  [TIMING]
      Startup delay:     248 ms
      Playback time:     120.4 s

  [BITRATE]
      Average (selected):  4,500 kbps
      Average (effective): 4,499 kbps

  [REBUFFERING]
      Events:            1
      Total time:        34 ms
      Ratio:             0.0281%

  [THROUGHPUT]
      Average:           341,299 kbps

  [AVAILABLE BW (trace)]
      Average:           341,299 kbps

======================================================================

[SAVED] results/results/run_all_20260525_151403/moq2_starlink-2024/benchmark_moq2_starlink_road_005_tc_20260526_192912.json

──────────────────────────────────────────────────────────────────────
  [7/40] starlink_road_006_tc.csv
──────────────────────────────────────────────────────────────────────

======================================================================
  MOQ2 Streaming QoE Benchmark (moq-dev/moq official stack)
======================================================================
  Relay:   http://127.0.0.1:4446
  Player:  http://127.0.0.1:8095/player.html
  Trace:   traces/starlink-2024/starlink_road_006_tc.csv
======================================================================

   Publisher quality: 4500 kbps
[BROWSER] Launching headless Chromium (MOQ2)...
127.0.0.1 - - [26/May/2026 19:31:24] "GET /player.html HTTP/1.1" 200 -
127.0.0.1 - - [26/May/2026 19:31:24] "GET /moq-bundle.js HTTP/1.1" 200 -
   Startup delay: 214ms

[PLAYBACK] Collecting metrics...
   t=10s | buffer: 274.1s | quality: 4500 kbps | trace_bw: 294772 kbps
   t=20s | buffer: 279.9s | quality: 4500 kbps | trace_bw: 266233 kbps
   t=31s | buffer: 278.2s | quality: 4500 kbps | trace_bw: 351432 kbps
   t=41s | buffer: 284.0s | quality: 4500 kbps | trace_bw: 421835 kbps
   t=51s | buffer: 277.7s | quality: 4500 kbps | trace_bw: 82895 kbps
   t=61s | buffer: 287.5s | quality: 4500 kbps | trace_bw: 407348 kbps
   t=71s | buffer: 290.3s | quality: 4500 kbps | trace_bw: 356404 kbps
   t=82s | buffer: 296.6s | quality: 4500 kbps | trace_bw: 243324 kbps
   t=92s | buffer: 302.4s | quality: 4500 kbps | trace_bw: 319286 kbps
   t=102s | buffer: 308.7s | quality: 4500 kbps | trace_bw: 310707 kbps
   t=112s | buffer: 318.9s | quality: 4500 kbps | trace_bw: 318529 kbps

======================================================================
  BENCHMARK RESULTS (MOQ2 / moq-dev official stack)
======================================================================

  [TIMING]
      Startup delay:     214 ms
      Playback time:     120.4 s

  [BITRATE]
      Average (selected):  4,500 kbps
      Average (effective): 4,498 kbps

  [REBUFFERING]
      Events:            1
      Total time:        44 ms
      Ratio:             0.0361%

  [THROUGHPUT]
      Average:           313,847 kbps

  [AVAILABLE BW (trace)]
      Average:           313,847 kbps

======================================================================

[SAVED] results/results/run_all_20260525_151403/moq2_starlink-2024/benchmark_moq2_starlink_road_006_tc_20260526_193118.json

──────────────────────────────────────────────────────────────────────
  [8/40] starlink_road_007_tc.csv
──────────────────────────────────────────────────────────────────────

======================================================================
  MOQ2 Streaming QoE Benchmark (moq-dev/moq official stack)
======================================================================
  Relay:   http://127.0.0.1:4446
  Player:  http://127.0.0.1:8095/player.html
  Trace:   traces/starlink-2024/starlink_road_007_tc.csv
======================================================================

   Publisher quality: 4500 kbps
[BROWSER] Launching headless Chromium (MOQ2)...
127.0.0.1 - - [26/May/2026 19:33:30] "GET /player.html HTTP/1.1" 200 -
127.0.0.1 - - [26/May/2026 19:33:30] "GET /moq-bundle.js HTTP/1.1" 200 -
   Startup delay: 220ms

[PLAYBACK] Collecting metrics...
   t=10s | buffer: 270.2s | quality: 4500 kbps | trace_bw: 230893 kbps
   t=20s | buffer: 272.4s | quality: 4500 kbps | trace_bw: 384452 kbps
   t=31s | buffer: 270.7s | quality: 4500 kbps | trace_bw: 269542 kbps
   t=41s | buffer: 276.5s | quality: 4500 kbps | trace_bw: 309434 kbps
   t=51s | buffer: 274.3s | quality: 4500 kbps | trace_bw: 348530 kbps
   t=61s | buffer: 284.6s | quality: 4500 kbps | trace_bw: 290000 kbps
   t=71s | buffer: 283.2s | quality: 4500 kbps | trace_bw: 407240 kbps
   t=82s | buffer: 285.5s | quality: 4500 kbps | trace_bw: 407408 kbps
   t=92s | buffer: 287.3s | quality: 4500 kbps | trace_bw: 355026 kbps
   t=102s | buffer: 289.5s | quality: 4500 kbps | trace_bw: 323899 kbps
   t=112s | buffer: 291.8s | quality: 4500 kbps | trace_bw: 223662 kbps

======================================================================
  BENCHMARK RESULTS (MOQ2 / moq-dev official stack)
======================================================================

  [TIMING]
      Startup delay:     220 ms
      Playback time:     120.4 s

  [BITRATE]
      Average (selected):  4,500 kbps
      Average (effective): 4,499 kbps

  [REBUFFERING]
      Events:            1
      Total time:        34 ms
      Ratio:             0.0282%

  [THROUGHPUT]
      Average:           303,373 kbps

  [AVAILABLE BW (trace)]
      Average:           303,373 kbps

======================================================================

[SAVED] results/results/run_all_20260525_151403/moq2_starlink-2024/benchmark_moq2_starlink_road_007_tc_20260526_193324.json

──────────────────────────────────────────────────────────────────────
  [9/40] starlink_road_008_tc.csv
──────────────────────────────────────────────────────────────────────

======================================================================
  MOQ2 Streaming QoE Benchmark (moq-dev/moq official stack)
======================================================================
  Relay:   http://127.0.0.1:4446
  Player:  http://127.0.0.1:8095/player.html
  Trace:   traces/starlink-2024/starlink_road_008_tc.csv
======================================================================

   Publisher quality: 4500 kbps
[BROWSER] Launching headless Chromium (MOQ2)...
127.0.0.1 - - [26/May/2026 19:35:36] "GET /player.html HTTP/1.1" 200 -
127.0.0.1 - - [26/May/2026 19:35:36] "GET /moq-bundle.js HTTP/1.1" 200 -
   Startup delay: 247ms

[PLAYBACK] Collecting metrics...
   t=10s | buffer: 277.7s | quality: 4500 kbps | trace_bw: 383175 kbps
   t=20s | buffer: 280.0s | quality: 4500 kbps | trace_bw: 225711 kbps
   t=31s | buffer: 281.8s | quality: 4500 kbps | trace_bw: 204838 kbps
   t=41s | buffer: 291.6s | quality: 4500 kbps | trace_bw: 374152 kbps
   t=51s | buffer: 289.8s | quality: 4500 kbps | trace_bw: 425475 kbps
   t=61s | buffer: 292.6s | quality: 4500 kbps | trace_bw: 394355 kbps
   t=71s | buffer: 290.9s | quality: 4500 kbps | trace_bw: 407537 kbps
   t=81s | buffer: 301.2s | quality: 4500 kbps | trace_bw: 343083 kbps
   t=92s | buffer: 303.4s | quality: 4500 kbps | trace_bw: 381646 kbps
   t=102s | buffer: 313.7s | quality: 4500 kbps | trace_bw: 407571 kbps
   t=112s | buffer: 324.0s | quality: 4500 kbps | trace_bw: 371867 kbps

======================================================================
  BENCHMARK RESULTS (MOQ2 / moq-dev official stack)
======================================================================

  [TIMING]
      Startup delay:     247 ms
      Playback time:     120.3 s

  [BITRATE]
      Average (selected):  4,500 kbps
      Average (effective): 4,499 kbps

  [REBUFFERING]
      Events:            1
      Total time:        37 ms
      Ratio:             0.0305%

  [THROUGHPUT]
      Average:           361,674 kbps

  [AVAILABLE BW (trace)]
      Average:           361,674 kbps

======================================================================

[SAVED] results/results/run_all_20260525_151403/moq2_starlink-2024/benchmark_moq2_starlink_road_008_tc_20260526_193530.json

──────────────────────────────────────────────────────────────────────
  [10/40] starlink_road_009_tc.csv
──────────────────────────────────────────────────────────────────────

======================================================================
  MOQ2 Streaming QoE Benchmark (moq-dev/moq official stack)
======================================================================
  Relay:   http://127.0.0.1:4446
  Player:  http://127.0.0.1:8095/player.html
  Trace:   traces/starlink-2024/starlink_road_009_tc.csv
======================================================================

   Publisher quality: 4500 kbps
[BROWSER] Launching headless Chromium (MOQ2)...
127.0.0.1 - - [26/May/2026 19:37:42] "GET /player.html HTTP/1.1" 200 -
127.0.0.1 - - [26/May/2026 19:37:42] "GET /moq-bundle.js HTTP/1.1" 200 -
   Startup delay: 221ms

[PLAYBACK] Collecting metrics...
   t=10s | buffer: 277.6s | quality: 4500 kbps | trace_bw: 346640 kbps
   t=21s | buffer: 279.8s | quality: 4500 kbps | trace_bw: 282936 kbps
   t=31s | buffer: 278.1s | quality: 4500 kbps | trace_bw: 149329 kbps
   t=41s | buffer: 284.4s | quality: 4500 kbps | trace_bw: 223316 kbps
   t=51s | buffer: 286.7s | quality: 4500 kbps | trace_bw: 225886 kbps
   t=61s | buffer: 292.6s | quality: 4500 kbps | trace_bw: 154462 kbps
   t=71s | buffer: 298.4s | quality: 4500 kbps | trace_bw: 197135 kbps
   t=81s | buffer: 308.2s | quality: 4500 kbps | trace_bw: 263930 kbps
   t=92s | buffer: 306.5s | quality: 4500 kbps | trace_bw: 215913 kbps
   t=102s | buffer: 312.8s | quality: 4500 kbps | trace_bw: 241659 kbps
   t=112s | buffer: 310.6s | quality: 4500 kbps | trace_bw: 0 kbps

======================================================================
  BENCHMARK RESULTS (MOQ2 / moq-dev official stack)
======================================================================

  [TIMING]
      Startup delay:     221 ms
      Playback time:     120.3 s

  [BITRATE]
      Average (selected):  4,500 kbps
      Average (effective): 4,498 kbps

  [REBUFFERING]
      Events:            1
      Total time:        45 ms
      Ratio:             0.0372%

  [THROUGHPUT]
      Average:           219,711 kbps

  [AVAILABLE BW (trace)]
      Average:           219,711 kbps

======================================================================

[SAVED] results/results/run_all_20260525_151403/moq2_starlink-2024/benchmark_moq2_starlink_road_009_tc_20260526_193737.json

──────────────────────────────────────────────────────────────────────
  [11/40] starlink_road_010_tc.csv
──────────────────────────────────────────────────────────────────────

======================================================================
  MOQ2 Streaming QoE Benchmark (moq-dev/moq official stack)
======================================================================
  Relay:   http://127.0.0.1:4446
  Player:  http://127.0.0.1:8095/player.html
  Trace:   traces/starlink-2024/starlink_road_010_tc.csv
======================================================================

   Publisher quality: 4500 kbps
[BROWSER] Launching headless Chromium (MOQ2)...
127.0.0.1 - - [26/May/2026 19:39:48] "GET /player.html HTTP/1.1" 200 -
127.0.0.1 - - [26/May/2026 19:39:48] "GET /moq-bundle.js HTTP/1.1" 200 -
   Startup delay: 226ms

[PLAYBACK] Collecting metrics...
   t=10s | buffer: 266.1s | quality: 4500 kbps | trace_bw: 362305 kbps
   t=20s | buffer: 271.9s | quality: 4500 kbps | trace_bw: 315749 kbps
   t=31s | buffer: 270.2s | quality: 4500 kbps | trace_bw: 187625 kbps
   t=41s | buffer: 272.4s | quality: 4500 kbps | trace_bw: 322013 kbps
   t=51s | buffer: 274.6s | quality: 4500 kbps | trace_bw: 370220 kbps
   t=61s | buffer: 281.0s | quality: 4500 kbps | trace_bw: 349825 kbps
   t=71s | buffer: 278.8s | quality: 4500 kbps | trace_bw: 282100 kbps
   t=82s | buffer: 289.1s | quality: 4500 kbps | trace_bw: 348666 kbps
   t=92s | buffer: 286.9s | quality: 4500 kbps | trace_bw: 169451 kbps
   t=102s | buffer: 293.1s | quality: 4500 kbps | trace_bw: 371441 kbps
   t=112s | buffer: 295.4s | quality: 4500 kbps | trace_bw: 358270 kbps

======================================================================
  BENCHMARK RESULTS (MOQ2 / moq-dev official stack)
======================================================================

  [TIMING]
      Startup delay:     226 ms
      Playback time:     120.4 s

  [BITRATE]
      Average (selected):  4,500 kbps
      Average (effective): 4,499 kbps

  [REBUFFERING]
      Events:            1
      Total time:        25 ms
      Ratio:             0.0210%

  [THROUGHPUT]
      Average:           303,104 kbps

  [AVAILABLE BW (trace)]
      Average:           303,104 kbps

======================================================================

[SAVED] results/results/run_all_20260525_151403/moq2_starlink-2024/benchmark_moq2_starlink_road_010_tc_20260526_193943.json

──────────────────────────────────────────────────────────────────────
  [12/40] starlink_road_011_tc.csv
──────────────────────────────────────────────────────────────────────

======================================================================
  MOQ2 Streaming QoE Benchmark (moq-dev/moq official stack)
======================================================================
  Relay:   http://127.0.0.1:4446
  Player:  http://127.0.0.1:8095/player.html
  Trace:   traces/starlink-2024/starlink_road_011_tc.csv
======================================================================

   Publisher quality: 4500 kbps
[BROWSER] Launching headless Chromium (MOQ2)...
127.0.0.1 - - [26/May/2026 19:41:54] "GET /player.html HTTP/1.1" 200 -
127.0.0.1 - - [26/May/2026 19:41:54] "GET /moq-bundle.js HTTP/1.1" 200 -
   Startup delay: 221ms

[PLAYBACK] Collecting metrics...
   t=10s | buffer: 274.2s | quality: 4500 kbps | trace_bw: 424459 kbps
   t=20s | buffer: 280.9s | quality: 4500 kbps | trace_bw: 413319 kbps
   t=31s | buffer: 279.1s | quality: 4500 kbps | trace_bw: 350102 kbps
   t=41s | buffer: 288.9s | quality: 4500 kbps | trace_bw: 275589 kbps
   t=51s | buffer: 287.3s | quality: 4500 kbps | trace_bw: 327479 kbps
   t=61s | buffer: 298.0s | quality: 4500 kbps | trace_bw: 424827 kbps
   t=71s | buffer: 299.8s | quality: 4500 kbps | trace_bw: 347797 kbps
   t=81s | buffer: 302.0s | quality: 4500 kbps | trace_bw: 407405 kbps
   t=92s | buffer: 295.8s | quality: 4500 kbps | trace_bw: 350087 kbps
   t=102s | buffer: 298.1s | quality: 4500 kbps | trace_bw: 424244 kbps
   t=112s | buffer: 295.9s | quality: 4500 kbps | trace_bw: 288133 kbps

======================================================================
  BENCHMARK RESULTS (MOQ2 / moq-dev official stack)
======================================================================

  [TIMING]
      Startup delay:     221 ms
      Playback time:     120.3 s

  [BITRATE]
      Average (selected):  4,500 kbps
      Average (effective): 4,499 kbps

  [REBUFFERING]
      Events:            1
      Total time:        30 ms
      Ratio:             0.0250%

  [THROUGHPUT]
      Average:           348,591 kbps

  [AVAILABLE BW (trace)]
      Average:           348,591 kbps

======================================================================

[SAVED] results/results/run_all_20260525_151403/moq2_starlink-2024/benchmark_moq2_starlink_road_011_tc_20260526_194149.json

──────────────────────────────────────────────────────────────────────
  [13/40] starlink_road_012_tc.csv
──────────────────────────────────────────────────────────────────────

======================================================================
  MOQ2 Streaming QoE Benchmark (moq-dev/moq official stack)
======================================================================
  Relay:   http://127.0.0.1:4446
  Player:  http://127.0.0.1:8095/player.html
  Trace:   traces/starlink-2024/starlink_road_012_tc.csv
======================================================================

   Publisher quality: 4500 kbps
[BROWSER] Launching headless Chromium (MOQ2)...
127.0.0.1 - - [26/May/2026 19:44:00] "GET /player.html HTTP/1.1" 200 -
127.0.0.1 - - [26/May/2026 19:44:00] "GET /moq-bundle.js HTTP/1.1" 200 -
   Startup delay: 210ms

[PLAYBACK] Collecting metrics...
   t=10s | buffer: 273.6s | quality: 4500 kbps | trace_bw: 394865 kbps
   t=20s | buffer: 279.5s | quality: 4500 kbps | trace_bw: 242061 kbps
   t=31s | buffer: 277.8s | quality: 4500 kbps | trace_bw: 53735 kbps
   t=41s | buffer: 283.6s | quality: 4500 kbps | trace_bw: 57206 kbps
   t=51s | buffer: 289.5s | quality: 4500 kbps | trace_bw: 60539 kbps
   t=61s | buffer: 295.8s | quality: 4500 kbps | trace_bw: 274619 kbps
   t=71s | buffer: 294.0s | quality: 4500 kbps | trace_bw: 252089 kbps
   t=81s | buffer: 308.3s | quality: 4500 kbps | trace_bw: 307715 kbps
   t=92s | buffer: 310.1s | quality: 4500 kbps | trace_bw: 382682 kbps
   t=102s | buffer: 316.4s | quality: 4500 kbps | trace_bw: 392780 kbps
   t=112s | buffer: 314.7s | quality: 4500 kbps | trace_bw: 274643 kbps

======================================================================
  BENCHMARK RESULTS (MOQ2 / moq-dev official stack)
======================================================================

  [TIMING]
      Startup delay:     210 ms
      Playback time:     120.2 s

  [BITRATE]
      Average (selected):  4,500 kbps
      Average (effective): 4,499 kbps

  [REBUFFERING]
      Events:            1
      Total time:        30 ms
      Ratio:             0.0245%

  [THROUGHPUT]
      Average:           247,934 kbps

  [AVAILABLE BW (trace)]
      Average:           247,934 kbps

======================================================================

[SAVED] results/results/run_all_20260525_151403/moq2_starlink-2024/benchmark_moq2_starlink_road_012_tc_20260526_194355.json

──────────────────────────────────────────────────────────────────────
  [14/40] starlink_road_013_tc.csv
──────────────────────────────────────────────────────────────────────

======================================================================
  MOQ2 Streaming QoE Benchmark (moq-dev/moq official stack)
======================================================================
  Relay:   http://127.0.0.1:4446
  Player:  http://127.0.0.1:8095/player.html
  Trace:   traces/starlink-2024/starlink_road_013_tc.csv
======================================================================

   Publisher quality: 4500 kbps
[BROWSER] Launching headless Chromium (MOQ2)...
127.0.0.1 - - [26/May/2026 19:46:06] "GET /player.html HTTP/1.1" 200 -
127.0.0.1 - - [26/May/2026 19:46:06] "GET /moq-bundle.js HTTP/1.1" 200 -
   Startup delay: 207ms

[PLAYBACK] Collecting metrics...
   t=10s | buffer: 278.1s | quality: 4500 kbps | trace_bw: 243403 kbps
   t=20s | buffer: 280.4s | quality: 4500 kbps | trace_bw: 299772 kbps
   t=31s | buffer: 286.7s | quality: 4500 kbps | trace_bw: 216724 kbps
   t=41s | buffer: 284.5s | quality: 4500 kbps | trace_bw: 268581 kbps
   t=51s | buffer: 286.7s | quality: 4500 kbps | trace_bw: 349814 kbps
   t=61s | buffer: 292.5s | quality: 4500 kbps | trace_bw: 243970 kbps
   t=71s | buffer: 294.8s | quality: 4500 kbps | trace_bw: 378377 kbps
   t=82s | buffer: 305.0s | quality: 4500 kbps | trace_bw: 201584 kbps
   t=92s | buffer: 307.3s | quality: 4500 kbps | trace_bw: 149281 kbps
   t=102s | buffer: 317.1s | quality: 4500 kbps | trace_bw: 177872 kbps
   t=112s | buffer: 319.0s | quality: 4500 kbps | trace_bw: 77797 kbps

======================================================================
  BENCHMARK RESULTS (MOQ2 / moq-dev official stack)
======================================================================

  [TIMING]
      Startup delay:     207 ms
      Playback time:     120.4 s

  [BITRATE]
      Average (selected):  4,500 kbps
      Average (effective): 4,499 kbps

  [REBUFFERING]
      Events:            1
      Total time:        28 ms
      Ratio:             0.0237%

  [THROUGHPUT]
      Average:           251,935 kbps

  [AVAILABLE BW (trace)]
      Average:           251,935 kbps

======================================================================

[SAVED] results/results/run_all_20260525_151403/moq2_starlink-2024/benchmark_moq2_starlink_road_013_tc_20260526_194601.json

──────────────────────────────────────────────────────────────────────
  [15/40] starlink_road_014_tc.csv
──────────────────────────────────────────────────────────────────────

======================================================================
  MOQ2 Streaming QoE Benchmark (moq-dev/moq official stack)
======================================================================
  Relay:   http://127.0.0.1:4446
  Player:  http://127.0.0.1:8095/player.html
  Trace:   traces/starlink-2024/starlink_road_014_tc.csv
======================================================================

   Publisher quality: 4500 kbps
[BROWSER] Launching headless Chromium (MOQ2)...
127.0.0.1 - - [26/May/2026 19:48:13] "GET /player.html HTTP/1.1" 200 -
127.0.0.1 - - [26/May/2026 19:48:13] "GET /moq-bundle.js HTTP/1.1" 200 -
   Startup delay: 227ms

[PLAYBACK] Collecting metrics...
   t=10s | buffer: 278.1s | quality: 4500 kbps | trace_bw: 299891 kbps
   t=20s | buffer: 284.4s | quality: 4500 kbps | trace_bw: 418297 kbps
   t=31s | buffer: 282.2s | quality: 4500 kbps | trace_bw: 439805 kbps
   t=41s | buffer: 288.4s | quality: 4500 kbps | trace_bw: 443831 kbps
   t=51s | buffer: 287.1s | quality: 4500 kbps | trace_bw: 425144 kbps
   t=61s | buffer: 289.4s | quality: 4500 kbps | trace_bw: 374628 kbps
   t=71s | buffer: 291.7s | quality: 4500 kbps | trace_bw: 343154 kbps
   t=82s | buffer: 293.9s | quality: 4500 kbps | trace_bw: 209459 kbps
   t=92s | buffer: 300.2s | quality: 4500 kbps | trace_bw: 261844 kbps
   t=102s | buffer: 310.5s | quality: 4500 kbps | trace_bw: 293307 kbps
   t=112s | buffer: 308.3s | quality: 4500 kbps | trace_bw: 364408 kbps

======================================================================
  BENCHMARK RESULTS (MOQ2 / moq-dev official stack)
======================================================================

  [TIMING]
      Startup delay:     227 ms
      Playback time:     120.4 s

  [BITRATE]
      Average (selected):  4,500 kbps
      Average (effective): 4,498 kbps

  [REBUFFERING]
      Events:            1
      Total time:        48 ms
      Ratio:             0.0402%

  [THROUGHPUT]
      Average:           343,036 kbps

  [AVAILABLE BW (trace)]
      Average:           343,036 kbps

======================================================================

[SAVED] results/results/run_all_20260525_151403/moq2_starlink-2024/benchmark_moq2_starlink_road_014_tc_20260526_194807.json

──────────────────────────────────────────────────────────────────────
  [16/40] starlink_road_015_tc.csv
──────────────────────────────────────────────────────────────────────

======================================================================
  MOQ2 Streaming QoE Benchmark (moq-dev/moq official stack)
======================================================================
  Relay:   http://127.0.0.1:4446
  Player:  http://127.0.0.1:8095/player.html
  Trace:   traces/starlink-2024/starlink_road_015_tc.csv
======================================================================

   Publisher quality: 4500 kbps
[BROWSER] Launching headless Chromium (MOQ2)...
127.0.0.1 - - [26/May/2026 19:50:19] "GET /player.html HTTP/1.1" 200 -
127.0.0.1 - - [26/May/2026 19:50:19] "GET /moq-bundle.js HTTP/1.1" 200 -
   Startup delay: 260ms

[PLAYBACK] Collecting metrics...
   t=10s | buffer: 277.7s | quality: 4500 kbps | trace_bw: 325141 kbps
   t=20s | buffer: 283.5s | quality: 4500 kbps | trace_bw: 167726 kbps
   t=31s | buffer: 281.8s | quality: 4500 kbps | trace_bw: 169018 kbps
   t=41s | buffer: 287.7s | quality: 4500 kbps | trace_bw: 131618 kbps
   t=51s | buffer: 281.5s | quality: 4500 kbps | trace_bw: 50783 kbps
   t=61s | buffer: 291.8s | quality: 4500 kbps | trace_bw: 160493 kbps
   t=71s | buffer: 293.7s | quality: 4500 kbps | trace_bw: 213690 kbps
   t=81s | buffer: 299.5s | quality: 4500 kbps | trace_bw: 29574 kbps
   t=91s | buffer: 309.3s | quality: 4500 kbps | trace_bw: 280807 kbps
   t=102s | buffer: 311.1s | quality: 4500 kbps | trace_bw: 156327 kbps
   t=112s | buffer: 321.0s | quality: 4500 kbps | trace_bw: 265305 kbps

======================================================================
  BENCHMARK RESULTS (MOQ2 / moq-dev official stack)
======================================================================

  [TIMING]
      Startup delay:     260 ms
      Playback time:     120.5 s

  [BITRATE]
      Average (selected):  4,500 kbps
      Average (effective): 4,499 kbps

  [REBUFFERING]
      Events:            1
      Total time:        35 ms
      Ratio:             0.0294%

  [THROUGHPUT]
      Average:           185,968 kbps

  [AVAILABLE BW (trace)]
      Average:           185,968 kbps

======================================================================

[SAVED] results/results/run_all_20260525_151403/moq2_starlink-2024/benchmark_moq2_starlink_road_015_tc_20260526_195013.json

──────────────────────────────────────────────────────────────────────
  [17/40] starlink_road_016_tc.csv
──────────────────────────────────────────────────────────────────────

======================================================================
  MOQ2 Streaming QoE Benchmark (moq-dev/moq official stack)
======================================================================
  Relay:   http://127.0.0.1:4446
  Player:  http://127.0.0.1:8095/player.html
  Trace:   traces/starlink-2024/starlink_road_016_tc.csv
======================================================================

   Publisher quality: 4500 kbps
[BROWSER] Launching headless Chromium (MOQ2)...
127.0.0.1 - - [26/May/2026 19:52:25] "GET /player.html HTTP/1.1" 200 -
127.0.0.1 - - [26/May/2026 19:52:25] "GET /moq-bundle.js HTTP/1.1" 200 -
   Startup delay: 208ms

[PLAYBACK] Collecting metrics...
   t=10s | buffer: 274.1s | quality: 4500 kbps | trace_bw: 338554 kbps
   t=20s | buffer: 280.4s | quality: 4500 kbps | trace_bw: 168849 kbps
   t=31s | buffer: 282.3s | quality: 4500 kbps | trace_bw: 388685 kbps
   t=41s | buffer: 284.5s | quality: 4500 kbps | trace_bw: 281410 kbps
   t=51s | buffer: 282.8s | quality: 4500 kbps | trace_bw: 377938 kbps
   t=61s | buffer: 285.1s | quality: 4500 kbps | trace_bw: 382585 kbps
   t=71s | buffer: 283.4s | quality: 4500 kbps | trace_bw: 353276 kbps
   t=81s | buffer: 289.2s | quality: 4500 kbps | trace_bw: 292282 kbps
   t=92s | buffer: 295.0s | quality: 4500 kbps | trace_bw: 143402 kbps
   t=102s | buffer: 296.9s | quality: 4500 kbps | trace_bw: 243549 kbps
   t=112s | buffer: 302.6s | quality: 4500 kbps | trace_bw: 352120 kbps

======================================================================
  BENCHMARK RESULTS (MOQ2 / moq-dev official stack)
======================================================================

  [TIMING]
      Startup delay:     208 ms
      Playback time:     120.3 s

  [BITRATE]
      Average (selected):  4,500 kbps
      Average (effective): 4,499 kbps

  [REBUFFERING]
      Events:            1
      Total time:        37 ms
      Ratio:             0.0307%

  [THROUGHPUT]
      Average:           286,002 kbps

  [AVAILABLE BW (trace)]
      Average:           286,002 kbps

======================================================================

[SAVED] results/results/run_all_20260525_151403/moq2_starlink-2024/benchmark_moq2_starlink_road_016_tc_20260526_195220.json

──────────────────────────────────────────────────────────────────────
  [18/40] starlink_road_017_tc.csv
──────────────────────────────────────────────────────────────────────

======================================================================
  MOQ2 Streaming QoE Benchmark (moq-dev/moq official stack)
======================================================================
  Relay:   http://127.0.0.1:4446
  Player:  http://127.0.0.1:8095/player.html
  Trace:   traces/starlink-2024/starlink_road_017_tc.csv
======================================================================

   Publisher quality: 4500 kbps
[BROWSER] Launching headless Chromium (MOQ2)...
127.0.0.1 - - [26/May/2026 19:54:31] "GET /player.html HTTP/1.1" 200 -
127.0.0.1 - - [26/May/2026 19:54:31] "GET /moq-bundle.js HTTP/1.1" 200 -
   Startup delay: 222ms

[PLAYBACK] Collecting metrics...
   t=10s | buffer: 261.7s | quality: 4500 kbps | trace_bw: 347509 kbps
   t=20s | buffer: 271.6s | quality: 4500 kbps | trace_bw: 342267 kbps
   t=30s | buffer: 269.9s | quality: 4500 kbps | trace_bw: 297313 kbps
   t=41s | buffer: 271.7s | quality: 4500 kbps | trace_bw: 234228 kbps
   t=51s | buffer: 269.9s | quality: 4500 kbps | trace_bw: 423685 kbps
   t=61s | buffer: 272.2s | quality: 4500 kbps | trace_bw: 338891 kbps
   t=71s | buffer: 274.9s | quality: 4500 kbps | trace_bw: 419272 kbps
   t=82s | buffer: 285.1s | quality: 4500 kbps | trace_bw: 375057 kbps
   t=92s | buffer: 291.4s | quality: 4500 kbps | trace_bw: 257184 kbps
   t=102s | buffer: 293.2s | quality: 4500 kbps | trace_bw: 247829 kbps
   t=112s | buffer: 299.5s | quality: 4500 kbps | trace_bw: 349815 kbps

======================================================================
  BENCHMARK RESULTS (MOQ2 / moq-dev official stack)
======================================================================

  [TIMING]
      Startup delay:     222 ms
      Playback time:     120.2 s

  [BITRATE]
      Average (selected):  4,500 kbps
      Average (effective): 4,499 kbps

  [REBUFFERING]
      Events:            1
      Total time:        32 ms
      Ratio:             0.0269%

  [THROUGHPUT]
      Average:           305,428 kbps

  [AVAILABLE BW (trace)]
      Average:           305,428 kbps

======================================================================

[SAVED] results/results/run_all_20260525_151403/moq2_starlink-2024/benchmark_moq2_starlink_road_017_tc_20260526_195426.json

──────────────────────────────────────────────────────────────────────
  [19/40] starlink_road_018_tc.csv
──────────────────────────────────────────────────────────────────────

======================================================================
  MOQ2 Streaming QoE Benchmark (moq-dev/moq official stack)
======================================================================
  Relay:   http://127.0.0.1:4446
  Player:  http://127.0.0.1:8095/player.html
  Trace:   traces/starlink-2024/starlink_road_018_tc.csv
======================================================================

   Publisher quality: 4500 kbps
[BROWSER] Launching headless Chromium (MOQ2)...
127.0.0.1 - - [26/May/2026 19:56:37] "GET /player.html HTTP/1.1" 200 -
127.0.0.1 - - [26/May/2026 19:56:37] "GET /moq-bundle.js HTTP/1.1" 200 -
   Startup delay: 227ms

[PLAYBACK] Collecting metrics...
   t=10s | buffer: 278.2s | quality: 4500 kbps | trace_bw: 240882 kbps
   t=20s | buffer: 280.4s | quality: 4500 kbps | trace_bw: 353396 kbps
   t=31s | buffer: 278.6s | quality: 4500 kbps | trace_bw: 310709 kbps
   t=41s | buffer: 285.4s | quality: 4500 kbps | trace_bw: 357852 kbps
   t=51s | buffer: 283.2s | quality: 4500 kbps | trace_bw: 22059 kbps
   t=61s | buffer: 285.5s | quality: 4500 kbps | trace_bw: 289653 kbps
   t=71s | buffer: 283.7s | quality: 4500 kbps | trace_bw: 336862 kbps
   t=82s | buffer: 286.0s | quality: 4500 kbps | trace_bw: 356813 kbps
   t=92s | buffer: 288.3s | quality: 4500 kbps | trace_bw: 339943 kbps
   t=102s | buffer: 294.5s | quality: 4500 kbps | trace_bw: 344058 kbps
   t=112s | buffer: 297.2s | quality: 4500 kbps | trace_bw: 349407 kbps

======================================================================
  BENCHMARK RESULTS (MOQ2 / moq-dev official stack)
======================================================================

  [TIMING]
      Startup delay:     227 ms
      Playback time:     120.4 s

  [BITRATE]
      Average (selected):  4,500 kbps
      Average (effective): 4,499 kbps

  [REBUFFERING]
      Events:            1
      Total time:        37 ms
      Ratio:             0.0306%

  [THROUGHPUT]
      Average:           297,530 kbps

  [AVAILABLE BW (trace)]
      Average:           297,530 kbps

======================================================================

[SAVED] results/results/run_all_20260525_151403/moq2_starlink-2024/benchmark_moq2_starlink_road_018_tc_20260526_195632.json

──────────────────────────────────────────────────────────────────────
  [20/40] starlink_road_019_tc.csv
──────────────────────────────────────────────────────────────────────

======================================================================
  MOQ2 Streaming QoE Benchmark (moq-dev/moq official stack)
======================================================================
  Relay:   http://127.0.0.1:4446
  Player:  http://127.0.0.1:8095/player.html
  Trace:   traces/starlink-2024/starlink_road_019_tc.csv
======================================================================

   Publisher quality: 4500 kbps
[BROWSER] Launching headless Chromium (MOQ2)...
127.0.0.1 - - [26/May/2026 19:58:44] "GET /player.html HTTP/1.1" 200 -
127.0.0.1 - - [26/May/2026 19:58:44] "GET /moq-bundle.js HTTP/1.1" 200 -
   Startup delay: 225ms

[PLAYBACK] Collecting metrics...
   t=10s | buffer: 278.1s | quality: 4500 kbps | trace_bw: 259500 kbps
   t=20s | buffer: 280.4s | quality: 4500 kbps | trace_bw: 405415 kbps
   t=31s | buffer: 278.7s | quality: 4500 kbps | trace_bw: 268016 kbps
   t=41s | buffer: 280.5s | quality: 4500 kbps | trace_bw: 173514 kbps
   t=51s | buffer: 282.8s | quality: 4500 kbps | trace_bw: 260906 kbps
   t=61s | buffer: 285.1s | quality: 4500 kbps | trace_bw: 312073 kbps
   t=71s | buffer: 282.9s | quality: 4500 kbps | trace_bw: 215809 kbps
   t=82s | buffer: 285.1s | quality: 4500 kbps | trace_bw: 297643 kbps
   t=92s | buffer: 282.9s | quality: 4500 kbps | trace_bw: 344952 kbps
   t=102s | buffer: 289.1s | quality: 4500 kbps | trace_bw: 248907 kbps
   t=112s | buffer: 295.4s | quality: 4500 kbps | trace_bw: 237750 kbps

======================================================================
  BENCHMARK RESULTS (MOQ2 / moq-dev official stack)
======================================================================

  [TIMING]
      Startup delay:     225 ms
      Playback time:     120.4 s

  [BITRATE]
      Average (selected):  4,500 kbps
      Average (effective): 4,499 kbps

  [REBUFFERING]
      Events:            1
      Total time:        33 ms
      Ratio:             0.0271%

  [THROUGHPUT]
      Average:           275,814 kbps

  [AVAILABLE BW (trace)]
      Average:           275,814 kbps

======================================================================

[SAVED] results/results/run_all_20260525_151403/moq2_starlink-2024/benchmark_moq2_starlink_road_019_tc_20260526_195839.json

──────────────────────────────────────────────────────────────────────
  [21/40] starlink_road_020_tc.csv
──────────────────────────────────────────────────────────────────────

======================================================================
  MOQ2 Streaming QoE Benchmark (moq-dev/moq official stack)
======================================================================
  Relay:   http://127.0.0.1:4446
  Player:  http://127.0.0.1:8095/player.html
  Trace:   traces/starlink-2024/starlink_road_020_tc.csv
======================================================================

   Publisher quality: 4500 kbps
[BROWSER] Launching headless Chromium (MOQ2)...
127.0.0.1 - - [26/May/2026 20:00:50] "GET /player.html HTTP/1.1" 200 -
127.0.0.1 - - [26/May/2026 20:00:50] "GET /moq-bundle.js HTTP/1.1" 200 -
   Startup delay: 234ms

[PLAYBACK] Collecting metrics...
   t=10s | buffer: 274.1s | quality: 4500 kbps | trace_bw: 168513 kbps
   t=20s | buffer: 276.3s | quality: 4500 kbps | trace_bw: 422665 kbps
   t=31s | buffer: 274.2s | quality: 4500 kbps | trace_bw: 289464 kbps
   t=41s | buffer: 279.9s | quality: 4500 kbps | trace_bw: 282092 kbps
   t=51s | buffer: 278.1s | quality: 4500 kbps | trace_bw: 216923 kbps
   t=61s | buffer: 280.4s | quality: 4500 kbps | trace_bw: 163047 kbps
   t=72s | buffer: 282.1s | quality: 4500 kbps | trace_bw: 270354 kbps
   t=82s | buffer: 292.4s | quality: 4500 kbps | trace_bw: 273695 kbps
   t=92s | buffer: 290.7s | quality: 4500 kbps | trace_bw: 247812 kbps
   t=102s | buffer: 296.5s | quality: 4500 kbps | trace_bw: 240055 kbps
   t=112s | buffer: 302.3s | quality: 4500 kbps | trace_bw: 422002 kbps

======================================================================
  BENCHMARK RESULTS (MOQ2 / moq-dev official stack)
======================================================================

  [TIMING]
      Startup delay:     234 ms
      Playback time:     120.6 s

  [BITRATE]
      Average (selected):  4,500 kbps
      Average (effective): 4,499 kbps

  [REBUFFERING]
      Events:            1
      Total time:        36 ms
      Ratio:             0.0298%

  [THROUGHPUT]
      Average:           276,849 kbps

  [AVAILABLE BW (trace)]
      Average:           276,849 kbps

======================================================================

[SAVED] results/results/run_all_20260525_151403/moq2_starlink-2024/benchmark_moq2_starlink_road_020_tc_20260526_200045.json

──────────────────────────────────────────────────────────────────────
  [22/40] starlink_road_021_tc.csv
──────────────────────────────────────────────────────────────────────

======================================================================
  MOQ2 Streaming QoE Benchmark (moq-dev/moq official stack)
======================================================================
  Relay:   http://127.0.0.1:4446
  Player:  http://127.0.0.1:8095/player.html
  Trace:   traces/starlink-2024/starlink_road_021_tc.csv
======================================================================

   Publisher quality: 4500 kbps
[BROWSER] Launching headless Chromium (MOQ2)...
127.0.0.1 - - [26/May/2026 20:02:57] "GET /player.html HTTP/1.1" 200 -
127.0.0.1 - - [26/May/2026 20:02:57] "GET /moq-bundle.js HTTP/1.1" 200 -
   Startup delay: 223ms

[PLAYBACK] Collecting metrics...
   t=10s | buffer: 273.7s | quality: 4500 kbps | trace_bw: 319209 kbps
   t=20s | buffer: 280.0s | quality: 4500 kbps | trace_bw: 282244 kbps
   t=31s | buffer: 286.3s | quality: 4500 kbps | trace_bw: 380521 kbps
   t=41s | buffer: 292.5s | quality: 4500 kbps | trace_bw: 263061 kbps
   t=51s | buffer: 294.4s | quality: 4500 kbps | trace_bw: 375680 kbps
   t=61s | buffer: 304.7s | quality: 4500 kbps | trace_bw: 28763 kbps
   t=71s | buffer: 306.5s | quality: 4500 kbps | trace_bw: 91866 kbps
   t=81s | buffer: 312.3s | quality: 4500 kbps | trace_bw: 235885 kbps
   t=92s | buffer: 310.1s | quality: 4500 kbps | trace_bw: 253388 kbps
   t=102s | buffer: 311.9s | quality: 4500 kbps | trace_bw: 178060 kbps
   t=112s | buffer: 309.7s | quality: 4500 kbps | trace_bw: 304508 kbps

======================================================================
  BENCHMARK RESULTS (MOQ2 / moq-dev official stack)
======================================================================

  [TIMING]
      Startup delay:     223 ms
      Playback time:     120.2 s

  [BITRATE]
      Average (selected):  4,500 kbps
      Average (effective): 4,498 kbps

  [REBUFFERING]
      Events:            1
      Total time:        46 ms
      Ratio:             0.0382%

  [THROUGHPUT]
      Average:           268,753 kbps

  [AVAILABLE BW (trace)]
      Average:           268,753 kbps

======================================================================

[SAVED] results/results/run_all_20260525_151403/moq2_starlink-2024/benchmark_moq2_starlink_road_021_tc_20260526_200251.json

──────────────────────────────────────────────────────────────────────
  [23/40] starlink_road_022_tc.csv
──────────────────────────────────────────────────────────────────────

======================================================================
  MOQ2 Streaming QoE Benchmark (moq-dev/moq official stack)
======================================================================
  Relay:   http://127.0.0.1:4446
  Player:  http://127.0.0.1:8095/player.html
  Trace:   traces/starlink-2024/starlink_road_022_tc.csv
======================================================================

   Publisher quality: 4500 kbps
[BROWSER] Launching headless Chromium (MOQ2)...
127.0.0.1 - - [26/May/2026 20:05:03] "GET /player.html HTTP/1.1" 200 -
127.0.0.1 - - [26/May/2026 20:05:03] "GET /moq-bundle.js HTTP/1.1" 200 -
   Startup delay: 219ms

[PLAYBACK] Collecting metrics...
   t=10s | buffer: 273.7s | quality: 4500 kbps | trace_bw: 135890 kbps
   t=20s | buffer: 280.0s | quality: 4500 kbps | trace_bw: 137801 kbps
   t=30s | buffer: 282.3s | quality: 4500 kbps | trace_bw: 212682 kbps
   t=41s | buffer: 292.6s | quality: 4500 kbps | trace_bw: 230230 kbps
   t=51s | buffer: 294.4s | quality: 4500 kbps | trace_bw: 424480 kbps
   t=61s | buffer: 296.7s | quality: 4500 kbps | trace_bw: 220594 kbps
   t=71s | buffer: 295.0s | quality: 4500 kbps | trace_bw: 161976 kbps
   t=81s | buffer: 305.2s | quality: 4500 kbps | trace_bw: 393240 kbps
   t=92s | buffer: 303.5s | quality: 4500 kbps | trace_bw: 341980 kbps
   t=102s | buffer: 309.4s | quality: 4500 kbps | trace_bw: 342956 kbps
   t=112s | buffer: 311.7s | quality: 4500 kbps | trace_bw: 382193 kbps

======================================================================
  BENCHMARK RESULTS (MOQ2 / moq-dev official stack)
======================================================================

  [TIMING]
      Startup delay:     219 ms
      Playback time:     120.6 s

  [BITRATE]
      Average (selected):  4,500 kbps
      Average (effective): 4,498 kbps

  [REBUFFERING]
      Events:            1
      Total time:        45 ms
      Ratio:             0.0375%

  [THROUGHPUT]
      Average:           280,718 kbps

  [AVAILABLE BW (trace)]
      Average:           280,718 kbps

======================================================================

[SAVED] results/results/run_all_20260525_151403/moq2_starlink-2024/benchmark_moq2_starlink_road_022_tc_20260526_200457.json

──────────────────────────────────────────────────────────────────────
  [24/40] starlink_road_023_tc.csv
──────────────────────────────────────────────────────────────────────

======================================================================
  MOQ2 Streaming QoE Benchmark (moq-dev/moq official stack)
======================================================================
  Relay:   http://127.0.0.1:4446
  Player:  http://127.0.0.1:8095/player.html
  Trace:   traces/starlink-2024/starlink_road_023_tc.csv
======================================================================

   Publisher quality: 4500 kbps
[BROWSER] Launching headless Chromium (MOQ2)...
127.0.0.1 - - [26/May/2026 20:07:09] "GET /player.html HTTP/1.1" 200 -
127.0.0.1 - - [26/May/2026 20:07:09] "GET /moq-bundle.js HTTP/1.1" 200 -
   Startup delay: 224ms

[PLAYBACK] Collecting metrics...
   t=10s | buffer: 5.7s | quality: 4500 kbps | trace_bw: 0 kbps
   t=20s | buffer: 283.5s | quality: 4500 kbps | trace_bw: 355409 kbps
   t=31s | buffer: 285.8s | quality: 4500 kbps | trace_bw: 352490 kbps
   t=41s | buffer: 288.1s | quality: 4500 kbps | trace_bw: 290778 kbps
   t=51s | buffer: 282.0s | quality: 4500 kbps | trace_bw: 157501 kbps
   t=61s | buffer: 284.1s | quality: 4500 kbps | trace_bw: 372245 kbps
   t=71s | buffer: 286.4s | quality: 4500 kbps | trace_bw: 269653 kbps
   t=82s | buffer: 288.7s | quality: 4500 kbps | trace_bw: 223665 kbps
   t=92s | buffer: 290.9s | quality: 4500 kbps | trace_bw: 356853 kbps
   t=102s | buffer: 292.7s | quality: 4500 kbps | trace_bw: 351013 kbps
   t=112s | buffer: 294.5s | quality: 4500 kbps | trace_bw: 329242 kbps

======================================================================
  BENCHMARK RESULTS (MOQ2 / moq-dev official stack)
======================================================================

  [TIMING]
      Startup delay:     224 ms
      Playback time:     120.3 s

  [BITRATE]
      Average (selected):  4,500 kbps
      Average (effective): 4,500 kbps

  [REBUFFERING]
      Events:            1
      Total time:        12 ms
      Ratio:             0.0096%

  [THROUGHPUT]
      Average:           245,210 kbps

  [AVAILABLE BW (trace)]
      Average:           245,210 kbps

======================================================================

[SAVED] results/results/run_all_20260525_151403/moq2_starlink-2024/benchmark_moq2_starlink_road_023_tc_20260526_200704.json

──────────────────────────────────────────────────────────────────────
  [25/40] starlink_road_024_tc.csv
──────────────────────────────────────────────────────────────────────

======================================================================
  MOQ2 Streaming QoE Benchmark (moq-dev/moq official stack)
======================================================================
  Relay:   http://127.0.0.1:4446
  Player:  http://127.0.0.1:8095/player.html
  Trace:   traces/starlink-2024/starlink_road_024_tc.csv
======================================================================

   Publisher quality: 4500 kbps
[BROWSER] Launching headless Chromium (MOQ2)...
127.0.0.1 - - [26/May/2026 20:09:16] "GET /player.html HTTP/1.1" 200 -
127.0.0.1 - - [26/May/2026 20:09:16] "GET /moq-bundle.js HTTP/1.1" 200 -
   Startup delay: 251ms

[PLAYBACK] Collecting metrics...
   t=10s | buffer: 278.1s | quality: 4500 kbps | trace_bw: 423166 kbps
   t=20s | buffer: 276.4s | quality: 4500 kbps | trace_bw: 336611 kbps
   t=31s | buffer: 282.7s | quality: 4500 kbps | trace_bw: 286485 kbps
   t=41s | buffer: 284.9s | quality: 4500 kbps | trace_bw: 331713 kbps
   t=51s | buffer: 291.2s | quality: 4500 kbps | trace_bw: 291478 kbps
   t=61s | buffer: 297.5s | quality: 4500 kbps | trace_bw: 330595 kbps
   t=71s | buffer: 295.8s | quality: 4500 kbps | trace_bw: 337559 kbps
   t=81s | buffer: 306.5s | quality: 4500 kbps | trace_bw: 321446 kbps
   t=92s | buffer: 312.8s | quality: 4500 kbps | trace_bw: 325175 kbps
   t=102s | buffer: 315.1s | quality: 4500 kbps | trace_bw: 350095 kbps
   t=112s | buffer: 316.9s | quality: 4500 kbps | trace_bw: 338810 kbps

======================================================================
  BENCHMARK RESULTS (MOQ2 / moq-dev official stack)
======================================================================

  [TIMING]
      Startup delay:     251 ms
      Playback time:     120.3 s

  [BITRATE]
      Average (selected):  4,500 kbps
      Average (effective): 4,498 kbps

  [REBUFFERING]
      Events:            1
      Total time:        55 ms
      Ratio:             0.0454%

  [THROUGHPUT]
      Average:           330,889 kbps

  [AVAILABLE BW (trace)]
      Average:           330,889 kbps

======================================================================

[SAVED] results/results/run_all_20260525_151403/moq2_starlink-2024/benchmark_moq2_starlink_road_024_tc_20260526_200910.json

──────────────────────────────────────────────────────────────────────
  [26/40] starlink_road_025_tc.csv
──────────────────────────────────────────────────────────────────────

======================================================================
  MOQ2 Streaming QoE Benchmark (moq-dev/moq official stack)
======================================================================
  Relay:   http://127.0.0.1:4446
  Player:  http://127.0.0.1:8095/player.html
  Trace:   traces/starlink-2024/starlink_road_025_tc.csv
======================================================================

   Publisher quality: 4500 kbps
[BROWSER] Launching headless Chromium (MOQ2)...
127.0.0.1 - - [26/May/2026 20:11:22] "GET /player.html HTTP/1.1" 200 -
127.0.0.1 - - [26/May/2026 20:11:22] "GET /moq-bundle.js HTTP/1.1" 200 -
   Startup delay: 204ms

[PLAYBACK] Collecting metrics...
   t=10s | buffer: 278.2s | quality: 4500 kbps | trace_bw: 339459 kbps
   t=20s | buffer: 280.4s | quality: 4500 kbps | trace_bw: 387750 kbps
   t=31s | buffer: 278.2s | quality: 4500 kbps | trace_bw: 303375 kbps
   t=41s | buffer: 284.5s | quality: 4500 kbps | trace_bw: 327068 kbps
   t=51s | buffer: 282.7s | quality: 4500 kbps | trace_bw: 247125 kbps
   t=61s | buffer: 288.6s | quality: 4500 kbps | trace_bw: 130483 kbps
   t=71s | buffer: 286.8s | quality: 4500 kbps | trace_bw: 301057 kbps
   t=82s | buffer: 293.1s | quality: 4500 kbps | trace_bw: 66265 kbps
   t=92s | buffer: 295.3s | quality: 4500 kbps | trace_bw: 315999 kbps
   t=102s | buffer: 301.6s | quality: 4500 kbps | trace_bw: 268030 kbps
   t=112s | buffer: 303.8s | quality: 4500 kbps | trace_bw: 346908 kbps

======================================================================
  BENCHMARK RESULTS (MOQ2 / moq-dev official stack)
======================================================================

  [TIMING]
      Startup delay:     204 ms
      Playback time:     120.4 s

  [BITRATE]
      Average (selected):  4,500 kbps
      Average (effective): 4,499 kbps

  [REBUFFERING]
      Events:            1
      Total time:        32 ms
      Ratio:             0.0264%

  [THROUGHPUT]
      Average:           306,730 kbps

  [AVAILABLE BW (trace)]
      Average:           306,730 kbps

======================================================================

[SAVED] results/results/run_all_20260525_151403/moq2_starlink-2024/benchmark_moq2_starlink_road_025_tc_20260526_201116.json

──────────────────────────────────────────────────────────────────────
  [27/40] starlink_road_026_tc.csv
──────────────────────────────────────────────────────────────────────

======================================================================
  MOQ2 Streaming QoE Benchmark (moq-dev/moq official stack)
======================================================================
  Relay:   http://127.0.0.1:4446
  Player:  http://127.0.0.1:8095/player.html
  Trace:   traces/starlink-2024/starlink_road_026_tc.csv
======================================================================

   Publisher quality: 4500 kbps
[BROWSER] Launching headless Chromium (MOQ2)...
127.0.0.1 - - [26/May/2026 20:13:28] "GET /player.html HTTP/1.1" 200 -
127.0.0.1 - - [26/May/2026 20:13:28] "GET /moq-bundle.js HTTP/1.1" 200 -
   Startup delay: 246ms

[PLAYBACK] Collecting metrics...
   t=10s | buffer: 282.1s | quality: 4500 kbps | trace_bw: 350509 kbps
   t=20s | buffer: 284.5s | quality: 4500 kbps | trace_bw: 134512 kbps
   t=31s | buffer: 286.3s | quality: 4500 kbps | trace_bw: 283390 kbps
   t=41s | buffer: 292.1s | quality: 4500 kbps | trace_bw: 236499 kbps
   t=51s | buffer: 290.4s | quality: 4500 kbps | trace_bw: 326145 kbps
   t=61s | buffer: 293.1s | quality: 4500 kbps | trace_bw: 337976 kbps
   t=71s | buffer: 294.9s | quality: 4500 kbps | trace_bw: 221524 kbps
   t=81s | buffer: 301.2s | quality: 4500 kbps | trace_bw: 350121 kbps
   t=92s | buffer: 299.0s | quality: 4500 kbps | trace_bw: 304142 kbps
   t=102s | buffer: 301.3s | quality: 4500 kbps | trace_bw: 275992 kbps
   t=112s | buffer: 303.6s | quality: 4500 kbps | trace_bw: 121839 kbps

======================================================================
  BENCHMARK RESULTS (MOQ2 / moq-dev official stack)
======================================================================

  [TIMING]
      Startup delay:     246 ms
      Playback time:     120.2 s

  [BITRATE]
      Average (selected):  4,500 kbps
      Average (effective): 4,499 kbps

  [REBUFFERING]
      Events:            1
      Total time:        32 ms
      Ratio:             0.0264%

  [THROUGHPUT]
      Average:           254,471 kbps

  [AVAILABLE BW (trace)]
      Average:           254,471 kbps

======================================================================

[SAVED] results/results/run_all_20260525_151403/moq2_starlink-2024/benchmark_moq2_starlink_road_026_tc_20260526_201322.json

──────────────────────────────────────────────────────────────────────
  [28/40] starlink_road_027_tc.csv
──────────────────────────────────────────────────────────────────────

======================================================================
  MOQ2 Streaming QoE Benchmark (moq-dev/moq official stack)
======================================================================
  Relay:   http://127.0.0.1:4446
  Player:  http://127.0.0.1:8095/player.html
  Trace:   traces/starlink-2024/starlink_road_027_tc.csv
======================================================================

   Publisher quality: 4500 kbps
[BROWSER] Launching headless Chromium (MOQ2)...
127.0.0.1 - - [26/May/2026 20:15:34] "GET /player.html HTTP/1.1" 200 -
127.0.0.1 - - [26/May/2026 20:15:34] "GET /moq-bundle.js HTTP/1.1" 200 -
   Startup delay: 255ms

[PLAYBACK] Collecting metrics...
   t=10s | buffer: 269.7s | quality: 4500 kbps | trace_bw: 270127 kbps
   t=20s | buffer: 272.5s | quality: 4500 kbps | trace_bw: 336745 kbps
   t=31s | buffer: 270.6s | quality: 4500 kbps | trace_bw: 248290 kbps
   t=41s | buffer: 276.9s | quality: 4500 kbps | trace_bw: 253456 kbps
   t=51s | buffer: 279.1s | quality: 4500 kbps | trace_bw: 356071 kbps
   t=61s | buffer: 285.0s | quality: 4500 kbps | trace_bw: 153082 kbps
   t=71s | buffer: 282.8s | quality: 4500 kbps | trace_bw: 76697 kbps
   t=82s | buffer: 289.1s | quality: 4500 kbps | trace_bw: 135129 kbps
   t=92s | buffer: 287.3s | quality: 4500 kbps | trace_bw: 400783 kbps
   t=102s | buffer: 293.6s | quality: 4500 kbps | trace_bw: 124992 kbps
   t=112s | buffer: 299.5s | quality: 4500 kbps | trace_bw: 181868 kbps

======================================================================
  BENCHMARK RESULTS (MOQ2 / moq-dev official stack)
======================================================================

  [TIMING]
      Startup delay:     255 ms
      Playback time:     120.3 s

  [BITRATE]
      Average (selected):  4,500 kbps
      Average (effective): 4,498 kbps

  [REBUFFERING]
      Events:            1
      Total time:        42 ms
      Ratio:             0.0346%

  [THROUGHPUT]
      Average:           230,129 kbps

  [AVAILABLE BW (trace)]
      Average:           230,129 kbps

======================================================================

[SAVED] results/results/run_all_20260525_151403/moq2_starlink-2024/benchmark_moq2_starlink_road_027_tc_20260526_201528.json

──────────────────────────────────────────────────────────────────────
  [29/40] starlink_road_028_tc.csv
──────────────────────────────────────────────────────────────────────

======================================================================
  MOQ2 Streaming QoE Benchmark (moq-dev/moq official stack)
======================================================================
  Relay:   http://127.0.0.1:4446
  Player:  http://127.0.0.1:8095/player.html
  Trace:   traces/starlink-2024/starlink_road_028_tc.csv
======================================================================

   Publisher quality: 4500 kbps
[BROWSER] Launching headless Chromium (MOQ2)...
127.0.0.1 - - [26/May/2026 20:17:40] "GET /player.html HTTP/1.1" 200 -
127.0.0.1 - - [26/May/2026 20:17:40] "GET /moq-bundle.js HTTP/1.1" 200 -
   Startup delay: 217ms

[PLAYBACK] Collecting metrics...
   t=10s | buffer: 278.1s | quality: 4500 kbps | trace_bw: 167080 kbps
   t=20s | buffer: 284.0s | quality: 4500 kbps | trace_bw: 175220 kbps
   t=31s | buffer: 285.8s | quality: 4500 kbps | trace_bw: 96430 kbps
   t=41s | buffer: 292.1s | quality: 4500 kbps | trace_bw: 176274 kbps
   t=51s | buffer: 294.4s | quality: 4500 kbps | trace_bw: 356440 kbps
   t=61s | buffer: 296.7s | quality: 4500 kbps | trace_bw: 290840 kbps
   t=71s | buffer: 295.0s | quality: 4500 kbps | trace_bw: 273691 kbps
   t=81s | buffer: 296.9s | quality: 4500 kbps | trace_bw: 167586 kbps
   t=91s | buffer: 294.7s | quality: 4500 kbps | trace_bw: 233649 kbps
   t=102s | buffer: 288.6s | quality: 4500 kbps | trace_bw: 0 kbps
   t=112s | buffer: 290.4s | quality: 4500 kbps | trace_bw: 0 kbps

======================================================================
  BENCHMARK RESULTS (MOQ2 / moq-dev official stack)
======================================================================

  [TIMING]
      Startup delay:     217 ms
      Playback time:     120.5 s

  [BITRATE]
      Average (selected):  4,500 kbps
      Average (effective): 4,498 kbps

  [REBUFFERING]
      Events:            1
      Total time:        60 ms
      Ratio:             0.0501%

  [THROUGHPUT]
      Average:           169,247 kbps

  [AVAILABLE BW (trace)]
      Average:           169,247 kbps

======================================================================

[SAVED] results/results/run_all_20260525_151403/moq2_starlink-2024/benchmark_moq2_starlink_road_028_tc_20260526_201735.json

──────────────────────────────────────────────────────────────────────
  [30/40] starlink_road_029_tc.csv
──────────────────────────────────────────────────────────────────────

======================================================================
  MOQ2 Streaming QoE Benchmark (moq-dev/moq official stack)
======================================================================
  Relay:   http://127.0.0.1:4446
  Player:  http://127.0.0.1:8095/player.html
  Trace:   traces/starlink-2024/starlink_road_029_tc.csv
======================================================================

   Publisher quality: 4500 kbps
[BROWSER] Launching headless Chromium (MOQ2)...
127.0.0.1 - - [26/May/2026 20:19:47] "GET /player.html HTTP/1.1" 200 -
127.0.0.1 - - [26/May/2026 20:19:47] "GET /moq-bundle.js HTTP/1.1" 200 -
   Startup delay: 247ms

[PLAYBACK] Collecting metrics...
   t=10s | buffer: 266.2s | quality: 4500 kbps | trace_bw: 184884 kbps
   t=20s | buffer: 268.5s | quality: 4500 kbps | trace_bw: 290950 kbps
   t=30s | buffer: 262.3s | quality: 4500 kbps | trace_bw: 393586 kbps
   t=41s | buffer: 272.5s | quality: 4500 kbps | trace_bw: 330611 kbps
   t=51s | buffer: 278.8s | quality: 4500 kbps | trace_bw: 280981 kbps
   t=61s | buffer: 285.1s | quality: 4500 kbps | trace_bw: 339998 kbps
   t=71s | buffer: 283.3s | quality: 4500 kbps | trace_bw: 63534 kbps
   t=81s | buffer: 289.2s | quality: 4500 kbps | trace_bw: 338884 kbps
   t=92s | buffer: 291.4s | quality: 4500 kbps | trace_bw: 281603 kbps
   t=102s | buffer: 293.8s | quality: 4500 kbps | trace_bw: 245583 kbps
   t=112s | buffer: 295.6s | quality: 4500 kbps | trace_bw: 363076 kbps

======================================================================
  BENCHMARK RESULTS (MOQ2 / moq-dev official stack)
======================================================================

  [TIMING]
      Startup delay:     247 ms
      Playback time:     120.2 s

  [BITRATE]
      Average (selected):  4,500 kbps
      Average (effective): 4,498 kbps

  [REBUFFERING]
      Events:            1
      Total time:        41 ms
      Ratio:             0.0338%

  [THROUGHPUT]
      Average:           266,635 kbps

  [AVAILABLE BW (trace)]
      Average:           266,635 kbps

======================================================================

[SAVED] results/results/run_all_20260525_151403/moq2_starlink-2024/benchmark_moq2_starlink_road_029_tc_20260526_201941.json

──────────────────────────────────────────────────────────────────────
  [31/40] starlink_road_030_tc.csv
──────────────────────────────────────────────────────────────────────

======================================================================
  MOQ2 Streaming QoE Benchmark (moq-dev/moq official stack)
======================================================================
  Relay:   http://127.0.0.1:4446
  Player:  http://127.0.0.1:8095/player.html
  Trace:   traces/starlink-2024/starlink_road_030_tc.csv
======================================================================

   Publisher quality: 4500 kbps
[BROWSER] Launching headless Chromium (MOQ2)...
127.0.0.1 - - [26/May/2026 20:21:53] "GET /player.html HTTP/1.1" 200 -
127.0.0.1 - - [26/May/2026 20:21:53] "GET /moq-bundle.js HTTP/1.1" 200 -
   Startup delay: 236ms

[PLAYBACK] Collecting metrics...
   t=10s | buffer: 274.1s | quality: 4500 kbps | trace_bw: 362242 kbps
   t=20s | buffer: 272.4s | quality: 4500 kbps | trace_bw: 110326 kbps
   t=31s | buffer: 274.7s | quality: 4500 kbps | trace_bw: 336238 kbps
   t=41s | buffer: 280.5s | quality: 4500 kbps | trace_bw: 320318 kbps
   t=51s | buffer: 286.8s | quality: 4500 kbps | trace_bw: 323783 kbps
   t=61s | buffer: 292.6s | quality: 4500 kbps | trace_bw: 312993 kbps
   t=71s | buffer: 290.4s | quality: 4500 kbps | trace_bw: 230263 kbps
   t=81s | buffer: 300.7s | quality: 4500 kbps | trace_bw: 362489 kbps
   t=92s | buffer: 303.5s | quality: 4500 kbps | trace_bw: 264894 kbps
   t=102s | buffer: 305.3s | quality: 4500 kbps | trace_bw: 276198 kbps
   t=112s | buffer: 303.5s | quality: 4500 kbps | trace_bw: 260173 kbps

======================================================================
  BENCHMARK RESULTS (MOQ2 / moq-dev official stack)
======================================================================

  [TIMING]
      Startup delay:     236 ms
      Playback time:     120.3 s

  [BITRATE]
      Average (selected):  4,500 kbps
      Average (effective): 4,499 kbps

  [REBUFFERING]
      Events:            1
      Total time:        28 ms
      Ratio:             0.0236%

  [THROUGHPUT]
      Average:           293,798 kbps

  [AVAILABLE BW (trace)]
      Average:           293,798 kbps

======================================================================

[SAVED] results/results/run_all_20260525_151403/moq2_starlink-2024/benchmark_moq2_starlink_road_030_tc_20260526_202147.json

──────────────────────────────────────────────────────────────────────
  [32/40] starlink_road_031_tc.csv
──────────────────────────────────────────────────────────────────────

======================================================================
  MOQ2 Streaming QoE Benchmark (moq-dev/moq official stack)
======================================================================
  Relay:   http://127.0.0.1:4446
  Player:  http://127.0.0.1:8095/player.html
  Trace:   traces/starlink-2024/starlink_road_031_tc.csv
======================================================================

   Publisher quality: 4500 kbps
[BROWSER] Launching headless Chromium (MOQ2)...
127.0.0.1 - - [26/May/2026 20:23:59] "GET /player.html HTTP/1.1" 200 -
127.0.0.1 - - [26/May/2026 20:23:59] "GET /moq-bundle.js HTTP/1.1" 200 -
   Startup delay: 213ms

[PLAYBACK] Collecting metrics...
   t=10s | buffer: 273.7s | quality: 4500 kbps | trace_bw: 207828 kbps
   t=20s | buffer: 275.5s | quality: 4500 kbps | trace_bw: 262058 kbps
   t=31s | buffer: 277.8s | quality: 4500 kbps | trace_bw: 322350 kbps
   t=41s | buffer: 283.6s | quality: 4500 kbps | trace_bw: 282273 kbps
   t=51s | buffer: 281.9s | quality: 4500 kbps | trace_bw: 203984 kbps
   t=61s | buffer: 292.2s | quality: 4500 kbps | trace_bw: 285534 kbps
   t=71s | buffer: 294.0s | quality: 4500 kbps | trace_bw: 275515 kbps
   t=81s | buffer: 303.8s | quality: 4500 kbps | trace_bw: 304145 kbps
   t=92s | buffer: 302.1s | quality: 4500 kbps | trace_bw: 311617 kbps
   t=102s | buffer: 307.9s | quality: 4500 kbps | trace_bw: 185578 kbps
   t=112s | buffer: 313.8s | quality: 4500 kbps | trace_bw: 284746 kbps

======================================================================
  BENCHMARK RESULTS (MOQ2 / moq-dev official stack)
======================================================================

  [TIMING]
      Startup delay:     213 ms
      Playback time:     120.2 s

  [BITRATE]
      Average (selected):  4,500 kbps
      Average (effective): 4,498 kbps

  [REBUFFERING]
      Events:            1
      Total time:        50 ms
      Ratio:             0.0417%

  [THROUGHPUT]
      Average:           276,153 kbps

  [AVAILABLE BW (trace)]
      Average:           276,153 kbps

======================================================================

[SAVED] results/results/run_all_20260525_151403/moq2_starlink-2024/benchmark_moq2_starlink_road_031_tc_20260526_202353.json

──────────────────────────────────────────────────────────────────────
  [33/40] starlink_road_032_tc.csv
──────────────────────────────────────────────────────────────────────

======================================================================
  MOQ2 Streaming QoE Benchmark (moq-dev/moq official stack)
======================================================================
  Relay:   http://127.0.0.1:4446
  Player:  http://127.0.0.1:8095/player.html
  Trace:   traces/starlink-2024/starlink_road_032_tc.csv
======================================================================

   Publisher quality: 4500 kbps
[BROWSER] Launching headless Chromium (MOQ2)...
127.0.0.1 - - [26/May/2026 20:26:05] "GET /player.html HTTP/1.1" 200 -
127.0.0.1 - - [26/May/2026 20:26:05] "GET /moq-bundle.js HTTP/1.1" 200 -
   Startup delay: 222ms

[PLAYBACK] Collecting metrics...
   t=10s | buffer: 274.1s | quality: 4500 kbps | trace_bw: 341506 kbps
   t=20s | buffer: 276.4s | quality: 4500 kbps | trace_bw: 332024 kbps
   t=31s | buffer: 278.7s | quality: 4500 kbps | trace_bw: 181856 kbps
   t=41s | buffer: 281.0s | quality: 4500 kbps | trace_bw: 139008 kbps
   t=51s | buffer: 279.3s | quality: 4500 kbps | trace_bw: 262750 kbps
   t=61s | buffer: 285.1s | quality: 4500 kbps | trace_bw: 260767 kbps
   t=71s | buffer: 282.8s | quality: 4500 kbps | trace_bw: 298553 kbps
   t=81s | buffer: 289.2s | quality: 4500 kbps | trace_bw: 271656 kbps
   t=92s | buffer: 295.0s | quality: 4500 kbps | trace_bw: 158130 kbps
   t=102s | buffer: 297.3s | quality: 4500 kbps | trace_bw: 164539 kbps
   t=112s | buffer: 295.1s | quality: 4500 kbps | trace_bw: 190453 kbps

======================================================================
  BENCHMARK RESULTS (MOQ2 / moq-dev official stack)
======================================================================

  [TIMING]
      Startup delay:     222 ms
      Playback time:     120.3 s

  [BITRATE]
      Average (selected):  4,500 kbps
      Average (effective): 4,499 kbps

  [REBUFFERING]
      Events:            1
      Total time:        31 ms
      Ratio:             0.0261%

  [THROUGHPUT]
      Average:           230,656 kbps

  [AVAILABLE BW (trace)]
      Average:           230,656 kbps

======================================================================

[SAVED] results/results/run_all_20260525_151403/moq2_starlink-2024/benchmark_moq2_starlink_road_032_tc_20260526_202559.json

──────────────────────────────────────────────────────────────────────
  [34/40] starlink_road_033_tc.csv
──────────────────────────────────────────────────────────────────────

======================================================================
  MOQ2 Streaming QoE Benchmark (moq-dev/moq official stack)
======================================================================
  Relay:   http://127.0.0.1:4446
  Player:  http://127.0.0.1:8095/player.html
  Trace:   traces/starlink-2024/starlink_road_033_tc.csv
======================================================================

   Publisher quality: 4500 kbps
[BROWSER] Launching headless Chromium (MOQ2)...
127.0.0.1 - - [26/May/2026 20:28:11] "GET /player.html HTTP/1.1" 200 -
127.0.0.1 - - [26/May/2026 20:28:11] "GET /moq-bundle.js HTTP/1.1" 200 -
   Startup delay: 220ms

[PLAYBACK] Collecting metrics...
   t=10s | buffer: 278.1s | quality: 4500 kbps | trace_bw: 258137 kbps
   t=20s | buffer: 283.9s | quality: 4500 kbps | trace_bw: 314568 kbps
   t=31s | buffer: 285.7s | quality: 4500 kbps | trace_bw: 373711 kbps
   t=41s | buffer: 292.0s | quality: 4500 kbps | trace_bw: 350568 kbps
   t=51s | buffer: 294.2s | quality: 4500 kbps | trace_bw: 393824 kbps
   t=61s | buffer: 296.5s | quality: 4500 kbps | trace_bw: 337437 kbps
   t=71s | buffer: 294.8s | quality: 4500 kbps | trace_bw: 183548 kbps
   t=82s | buffer: 304.6s | quality: 4500 kbps | trace_bw: 307553 kbps
   t=92s | buffer: 306.8s | quality: 4500 kbps | trace_bw: 384021 kbps
   t=102s | buffer: 309.1s | quality: 4500 kbps | trace_bw: 345516 kbps
   t=112s | buffer: 319.8s | quality: 4500 kbps | trace_bw: 347173 kbps

======================================================================
  BENCHMARK RESULTS (MOQ2 / moq-dev official stack)
======================================================================

  [TIMING]
      Startup delay:     220 ms
      Playback time:     120.5 s

  [BITRATE]
      Average (selected):  4,500 kbps
      Average (effective): 4,499 kbps

  [REBUFFERING]
      Events:            1
      Total time:        32 ms
      Ratio:             0.0267%

  [THROUGHPUT]
      Average:           320,632 kbps

  [AVAILABLE BW (trace)]
      Average:           320,632 kbps

======================================================================

[SAVED] results/results/run_all_20260525_151403/moq2_starlink-2024/benchmark_moq2_starlink_road_033_tc_20260526_202806.json

──────────────────────────────────────────────────────────────────────
  [35/40] starlink_road_034_tc.csv
──────────────────────────────────────────────────────────────────────

======================================================================
  MOQ2 Streaming QoE Benchmark (moq-dev/moq official stack)
======================================================================
  Relay:   http://127.0.0.1:4446
  Player:  http://127.0.0.1:8095/player.html
  Trace:   traces/starlink-2024/starlink_road_034_tc.csv
======================================================================

   Publisher quality: 4500 kbps
[BROWSER] Launching headless Chromium (MOQ2)...
127.0.0.1 - - [26/May/2026 20:30:18] "GET /player.html HTTP/1.1" 200 -
127.0.0.1 - - [26/May/2026 20:30:18] "GET /moq-bundle.js HTTP/1.1" 200 -
   Startup delay: 243ms

[PLAYBACK] Collecting metrics...
   t=10s | buffer: 282.2s | quality: 4500 kbps | trace_bw: 276637 kbps
   t=20s | buffer: 284.0s | quality: 4500 kbps | trace_bw: 70447 kbps
   t=31s | buffer: 285.8s | quality: 4500 kbps | trace_bw: 365635 kbps
   t=41s | buffer: 296.6s | quality: 4500 kbps | trace_bw: 321537 kbps
   t=51s | buffer: 294.8s | quality: 4500 kbps | trace_bw: 308083 kbps
   t=61s | buffer: 300.7s | quality: 4500 kbps | trace_bw: 28358 kbps
   t=71s | buffer: 302.5s | quality: 4500 kbps | trace_bw: 106561 kbps
   t=81s | buffer: 304.8s | quality: 4500 kbps | trace_bw: 269696 kbps
   t=92s | buffer: 303.1s | quality: 4500 kbps | trace_bw: 177651 kbps
   t=102s | buffer: 309.0s | quality: 4500 kbps | trace_bw: 145970 kbps
   t=112s | buffer: 311.2s | quality: 4500 kbps | trace_bw: 320604 kbps

======================================================================
  BENCHMARK RESULTS (MOQ2 / moq-dev official stack)
======================================================================

  [TIMING]
      Startup delay:     243 ms
      Playback time:     120.6 s

  [BITRATE]
      Average (selected):  4,500 kbps
      Average (effective): 4,499 kbps

  [REBUFFERING]
      Events:            1
      Total time:        36 ms
      Ratio:             0.0297%

  [THROUGHPUT]
      Average:           230,232 kbps

  [AVAILABLE BW (trace)]
      Average:           230,232 kbps

======================================================================

[SAVED] results/results/run_all_20260525_151403/moq2_starlink-2024/benchmark_moq2_starlink_road_034_tc_20260526_203012.json

──────────────────────────────────────────────────────────────────────
  [36/40] starlink_road_035_tc.csv
──────────────────────────────────────────────────────────────────────

======================================================================
  MOQ2 Streaming QoE Benchmark (moq-dev/moq official stack)
======================================================================
  Relay:   http://127.0.0.1:4446
  Player:  http://127.0.0.1:8095/player.html
  Trace:   traces/starlink-2024/starlink_road_035_tc.csv
======================================================================

   Publisher quality: 4500 kbps
[BROWSER] Launching headless Chromium (MOQ2)...
127.0.0.1 - - [26/May/2026 20:32:24] "GET /player.html HTTP/1.1" 200 -
127.0.0.1 - - [26/May/2026 20:32:24] "GET /moq-bundle.js HTTP/1.1" 200 -
   Startup delay: 208ms

[PLAYBACK] Collecting metrics...
   t=10s | buffer: 261.7s | quality: 4500 kbps | trace_bw: 179701 kbps
   t=20s | buffer: 260.0s | quality: 4500 kbps | trace_bw: 292506 kbps
   t=30s | buffer: 265.8s | quality: 4500 kbps | trace_bw: 146740 kbps
   t=41s | buffer: 267.7s | quality: 4500 kbps | trace_bw: 176461 kbps
   t=51s | buffer: 273.9s | quality: 4500 kbps | trace_bw: 323929 kbps
   t=61s | buffer: 279.8s | quality: 4500 kbps | trace_bw: 269450 kbps
   t=71s | buffer: 278.0s | quality: 4500 kbps | trace_bw: 286732 kbps
   t=81s | buffer: 284.3s | quality: 4500 kbps | trace_bw: 242273 kbps
   t=92s | buffer: 286.6s | quality: 4500 kbps | trace_bw: 297130 kbps
   t=102s | buffer: 288.9s | quality: 4500 kbps | trace_bw: 338404 kbps
   t=112s | buffer: 294.7s | quality: 4500 kbps | trace_bw: 343675 kbps

======================================================================
  BENCHMARK RESULTS (MOQ2 / moq-dev official stack)
======================================================================

  [TIMING]
      Startup delay:     208 ms
      Playback time:     120.2 s

  [BITRATE]
      Average (selected):  4,500 kbps
      Average (effective): 4,499 kbps

  [REBUFFERING]
      Events:            1
      Total time:        25 ms
      Ratio:             0.0210%

  [THROUGHPUT]
      Average:           255,758 kbps

  [AVAILABLE BW (trace)]
      Average:           255,758 kbps

======================================================================

[SAVED] results/results/run_all_20260525_151403/moq2_starlink-2024/benchmark_moq2_starlink_road_035_tc_20260526_203219.json

──────────────────────────────────────────────────────────────────────
  [37/40] starlink_road_036_tc.csv
──────────────────────────────────────────────────────────────────────

======================================================================
  MOQ2 Streaming QoE Benchmark (moq-dev/moq official stack)
======================================================================
  Relay:   http://127.0.0.1:4446
  Player:  http://127.0.0.1:8095/player.html
  Trace:   traces/starlink-2024/starlink_road_036_tc.csv
======================================================================

   Publisher quality: 4500 kbps
[BROWSER] Launching headless Chromium (MOQ2)...
127.0.0.1 - - [26/May/2026 20:34:30] "GET /player.html HTTP/1.1" 200 -
127.0.0.1 - - [26/May/2026 20:34:30] "GET /moq-bundle.js HTTP/1.1" 200 -
   Startup delay: 212ms

[PLAYBACK] Collecting metrics...
   t=10s | buffer: 261.7s | quality: 4500 kbps | trace_bw: 283031 kbps
   t=20s | buffer: 276.0s | quality: 4500 kbps | trace_bw: 249358 kbps
   t=31s | buffer: 273.8s | quality: 4500 kbps | trace_bw: 304199 kbps
   t=41s | buffer: 276.0s | quality: 4500 kbps | trace_bw: 258753 kbps
   t=51s | buffer: 278.3s | quality: 4500 kbps | trace_bw: 276568 kbps
   t=61s | buffer: 280.1s | quality: 4500 kbps | trace_bw: 41110 kbps
   t=71s | buffer: 281.9s | quality: 4500 kbps | trace_bw: 339526 kbps
   t=82s | buffer: 284.7s | quality: 4500 kbps | trace_bw: 341391 kbps
   t=92s | buffer: 282.9s | quality: 4500 kbps | trace_bw: 338230 kbps
   t=102s | buffer: 289.2s | quality: 4500 kbps | trace_bw: 346291 kbps
   t=112s | buffer: 295.9s | quality: 4500 kbps | trace_bw: 420286 kbps

======================================================================
  BENCHMARK RESULTS (MOQ2 / moq-dev official stack)
======================================================================

  [TIMING]
      Startup delay:     212 ms
      Playback time:     120.3 s

  [BITRATE]
      Average (selected):  4,500 kbps
      Average (effective): 4,499 kbps

  [REBUFFERING]
      Events:            1
      Total time:        27 ms
      Ratio:             0.0225%

  [THROUGHPUT]
      Average:           294,029 kbps

  [AVAILABLE BW (trace)]
      Average:           294,029 kbps

======================================================================

[SAVED] results/results/run_all_20260525_151403/moq2_starlink-2024/benchmark_moq2_starlink_road_036_tc_20260526_203425.json

──────────────────────────────────────────────────────────────────────
  [38/40] starlink_road_037_tc.csv
──────────────────────────────────────────────────────────────────────

======================================================================
  MOQ2 Streaming QoE Benchmark (moq-dev/moq official stack)
======================================================================
  Relay:   http://127.0.0.1:4446
  Player:  http://127.0.0.1:8095/player.html
  Trace:   traces/starlink-2024/starlink_road_037_tc.csv
======================================================================

   Publisher quality: 4500 kbps
[BROWSER] Launching headless Chromium (MOQ2)...
127.0.0.1 - - [26/May/2026 20:36:36] "GET /player.html HTTP/1.1" 200 -
127.0.0.1 - - [26/May/2026 20:36:36] "GET /moq-bundle.js HTTP/1.1" 200 -
   Startup delay: 222ms

[PLAYBACK] Collecting metrics...
   t=10s | buffer: 278.1s | quality: 4500 kbps | trace_bw: 201527 kbps
   t=20s | buffer: 280.4s | quality: 4500 kbps | trace_bw: 190380 kbps
   t=31s | buffer: 282.2s | quality: 4500 kbps | trace_bw: 158447 kbps
   t=41s | buffer: 288.0s | quality: 4500 kbps | trace_bw: 209940 kbps
   t=51s | buffer: 286.3s | quality: 4500 kbps | trace_bw: 296622 kbps
   t=61s | buffer: 288.1s | quality: 4500 kbps | trace_bw: 420169 kbps
   t=71s | buffer: 294.8s | quality: 4500 kbps | trace_bw: 422352 kbps
   t=82s | buffer: 297.1s | quality: 4500 kbps | trace_bw: 252347 kbps
   t=92s | buffer: 295.4s | quality: 4500 kbps | trace_bw: 319719 kbps
   t=102s | buffer: 301.6s | quality: 4500 kbps | trace_bw: 299068 kbps
   t=112s | buffer: 311.9s | quality: 4500 kbps | trace_bw: 248063 kbps

======================================================================
  BENCHMARK RESULTS (MOQ2 / moq-dev official stack)
======================================================================

  [TIMING]
      Startup delay:     222 ms
      Playback time:     120.3 s

  [BITRATE]
      Average (selected):  4,500 kbps
      Average (effective): 4,499 kbps

  [REBUFFERING]
      Events:            1
      Total time:        30 ms
      Ratio:             0.0250%

  [THROUGHPUT]
      Average:           265,267 kbps

  [AVAILABLE BW (trace)]
      Average:           265,267 kbps

======================================================================

[SAVED] results/results/run_all_20260525_151403/moq2_starlink-2024/benchmark_moq2_starlink_road_037_tc_20260526_203631.json

──────────────────────────────────────────────────────────────────────
  [39/40] starlink_road_038_tc.csv
──────────────────────────────────────────────────────────────────────

======================================================================
  MOQ2 Streaming QoE Benchmark (moq-dev/moq official stack)
======================================================================
  Relay:   http://127.0.0.1:4446
  Player:  http://127.0.0.1:8095/player.html
  Trace:   traces/starlink-2024/starlink_road_038_tc.csv
======================================================================

   Publisher quality: 4500 kbps
[BROWSER] Launching headless Chromium (MOQ2)...
127.0.0.1 - - [26/May/2026 20:38:42] "GET /player.html HTTP/1.1" 200 -
127.0.0.1 - - [26/May/2026 20:38:42] "GET /moq-bundle.js HTTP/1.1" 200 -
   Startup delay: 225ms

[PLAYBACK] Collecting metrics...
   t=10s | buffer: 278.2s | quality: 4500 kbps | trace_bw: 106145 kbps
   t=20s | buffer: 280.0s | quality: 4500 kbps | trace_bw: 263524 kbps
   t=31s | buffer: 282.3s | quality: 4500 kbps | trace_bw: 341039 kbps
   t=41s | buffer: 284.5s | quality: 4500 kbps | trace_bw: 335438 kbps
   t=51s | buffer: 286.8s | quality: 4500 kbps | trace_bw: 98540 kbps
   t=61s | buffer: 292.7s | quality: 4500 kbps | trace_bw: 254438 kbps
   t=71s | buffer: 294.6s | quality: 4500 kbps | trace_bw: 317672 kbps
   t=81s | buffer: 300.4s | quality: 4500 kbps | trace_bw: 68700 kbps
   t=92s | buffer: 306.2s | quality: 4500 kbps | trace_bw: 316506 kbps
   t=102s | buffer: 311.9s | quality: 4500 kbps | trace_bw: 278445 kbps
   t=112s | buffer: 313.7s | quality: 4500 kbps | trace_bw: 286611 kbps

======================================================================
  BENCHMARK RESULTS (MOQ2 / moq-dev official stack)
======================================================================

  [TIMING]
      Startup delay:     225 ms
      Playback time:     120.2 s

  [BITRATE]
      Average (selected):  4,500 kbps
      Average (effective): 4,498 kbps

  [REBUFFERING]
      Events:            1
      Total time:        63 ms
      Ratio:             0.0520%

  [THROUGHPUT]
      Average:           264,675 kbps

  [AVAILABLE BW (trace)]
      Average:           264,675 kbps

======================================================================

[SAVED] results/results/run_all_20260525_151403/moq2_starlink-2024/benchmark_moq2_starlink_road_038_tc_20260526_203837.json

──────────────────────────────────────────────────────────────────────
  [40/40] starlink_road_039_tc.csv
──────────────────────────────────────────────────────────────────────

======================================================================
  MOQ2 Streaming QoE Benchmark (moq-dev/moq official stack)
======================================================================
  Relay:   http://127.0.0.1:4446
  Player:  http://127.0.0.1:8095/player.html
  Trace:   traces/starlink-2024/starlink_road_039_tc.csv
======================================================================

   Publisher quality: 4500 kbps
[BROWSER] Launching headless Chromium (MOQ2)...
127.0.0.1 - - [26/May/2026 20:40:49] "GET /player.html HTTP/1.1" 200 -
127.0.0.1 - - [26/May/2026 20:40:49] "GET /moq-bundle.js HTTP/1.1" 200 -
   Startup delay: 222ms

[PLAYBACK] Collecting metrics...
   t=10s | buffer: 273.7s | quality: 4500 kbps | trace_bw: 238749 kbps
   t=20s | buffer: 276.0s | quality: 4500 kbps | trace_bw: 217653 kbps
   t=31s | buffer: 278.2s | quality: 4500 kbps | trace_bw: 220509 kbps
   t=41s | buffer: 280.5s | quality: 4500 kbps | trace_bw: 298271 kbps
   t=51s | buffer: 282.7s | quality: 4500 kbps | trace_bw: 321722 kbps
   t=61s | buffer: 289.0s | quality: 4500 kbps | trace_bw: 94022 kbps
   t=71s | buffer: 286.8s | quality: 4500 kbps | trace_bw: 154507 kbps
   t=81s | buffer: 292.7s | quality: 4500 kbps | trace_bw: 215312 kbps
   t=92s | buffer: 290.5s | quality: 4500 kbps | trace_bw: 229421 kbps
   t=102s | buffer: 296.8s | quality: 4500 kbps | trace_bw: 302989 kbps
   t=112s | buffer: 298.6s | quality: 4500 kbps | trace_bw: 138800 kbps

======================================================================
  BENCHMARK RESULTS (MOQ2 / moq-dev official stack)
======================================================================

  [TIMING]
      Startup delay:     222 ms
      Playback time:     120.2 s

  [BITRATE]
      Average (selected):  4,500 kbps
      Average (effective): 4,499 kbps

  [REBUFFERING]
      Events:            1
      Total time:        34 ms
      Ratio:             0.0285%

  [THROUGHPUT]
      Average:           205,837 kbps

  [AVAILABLE BW (trace)]
      Average:           205,837 kbps

======================================================================

[SAVED] results/results/run_all_20260525_151403/moq2_starlink-2024/benchmark_moq2_starlink_road_039_tc_20260526_204043.json

======================================================================
  BATCH COMPLETE: 40/40 succeeded
  Results saved to: results/results/run_all_20260525_151403/moq2_starlink-2024/
======================================================================

