
======================================================================
  BATCH RUN: 83 trace(s) from traces/5g-ireland
======================================================================


──────────────────────────────────────────────────────────────────────
  [1/83] amazon_prime_driving_animated-adventuretime_B_2019_11_28_07_27_57_tc.csv
──────────────────────────────────────────────────────────────────────
[TRACE] amazon_prime_driving_animated-adventuretime_B_2019_11_28_07_27_57_tc.csv
[HLS-SHAPER] Triggering tc-trace via /startShaping API...
[HLS-SHAPER] tc-trace.py starting in container

======================================================================
  HLS Streaming QoE Benchmark (hls.js)
======================================================================
  Server: http://localhost:8080/hls.html?manifest=http://localhost:8080/hls/master.m3u8
======================================================================

[TRACE] Loaded 1898 entries with bandwidth

[ERROR] Benchmark failed: BrowserType.launch: ENOSPC: no space left on device, mkdtemp '/tmp/playwright-artifacts-AuD5sl'
Traceback (most recent call last):
  File "benchmark.py", line 2767, in <module>
    main()
  File "benchmark.py", line 2722, in main
    ok = run_single_benchmark(args.protocol, url, args.duration, output_path,
  File "benchmark.py", line 2584, in run_single_benchmark
    benchmark.run()
  File "benchmark.py", line 919, in run
    browser = p.chromium.launch(
  File "/home/ajhunjh1/.local/lib/python3.8/site-packages/playwright/sync_api/_generated.py", line 14440, in launch
    self._sync(
  File "/home/ajhunjh1/.local/lib/python3.8/site-packages/playwright/_impl/_sync_base.py", line 115, in _sync
    return task.result()
  File "/home/ajhunjh1/.local/lib/python3.8/site-packages/playwright/_impl/_browser_type.py", line 95, in launch
    Browser, from_channel(await self._channel.send("launch", params))
  File "/home/ajhunjh1/.local/lib/python3.8/site-packages/playwright/_impl/_connection.py", line 59, in send
    return await self._connection.wrap_api_call(
  File "/home/ajhunjh1/.local/lib/python3.8/site-packages/playwright/_impl/_connection.py", line 520, in wrap_api_call
    raise rewrite_error(error, f"{parsed_st['apiName']}: {error}") from None
playwright._impl._errors.Error: BrowserType.launch: ENOSPC: no space left on device, mkdtemp '/tmp/playwright-artifacts-AuD5sl'
